<html>
<body>
<pre>
<h1>µVision Build Log</h1>
<h2>Tool Versions:</h2>
IDE-Version: ¦ÌVision V5.37.0.0
Copyright (C) 2022 ARM Ltd and ARM Germany GmbH. All rights reserved.
License Information: Ethann Oeaenn, XV, LIC=65ISZ-J6YDD-MMX9I-TSE7Z-WGZ9T-LS73S
 
Tool Versions:
Toolchain:       MDK-ARM Plus  Version: 5.37.0.0
Toolchain Path:  D:\Ethan\Program\MDK\Keil_v5\ARM\ARMCLANG\Bin
C Compiler:      ArmClang.exe V6.18
Assembler:       Armasm.exe V6.18
Linker/Locator:  ArmLink.exe V6.18
Library Manager: ArmAr.exe V6.18
Hex Converter:   FromElf.exe V6.18
CPU DLL:         
Dialog DLL:      
Target DLL:      CMSIS_AGDI_V8M.DLL V1.7.17.0
Dialog DLL:      TCM.DLL V1.56.1.0
 
<h2>Project:</h2>
D:\Ethan\Project\ACM32\rt-thread\bsp\acm32\acm32f4xx_rtt\project.uvprojx
Project File Date:  07/28/2022

<h2>Output:</h2>
*** Using Compiler 'V6.18', folder: 'D:\Ethan\Program\MDK\Keil_v5\ARM\ARMCLANG\Bin'
Rebuild target 'ACM32F4XX'
compiling div0.c...
compiling syscall_mem.c...
compiling syscalls.c...
compiling HAL_EXTI.c...
compiling showmem.c...
compiling HAL_DMA.c...
compiling HAL_GPIO.c...
compiling HAL_UART.c...
assembling context_rvds.S...
assembling syscall_rvds.S...
assembling Startup_ACM32F4.s...
compiling ctime.c...
compiling System_ACM32F4.c...
compiling cpuport.c...
compiling delay.c...
compiling cctype.c...
compiling cstdio.c...
compiling backtrace.c...
compiling HAL_EFlash.c...
compiling trustzone.c...
compiling cwchar.c...
compiling cstdlib.c...
compiling main.c...
compiling cstring.c...
compiling completion.c...
compiling pipe.c...
compiling dataqueue.c...
compiling waitqueue.c...
compiling pin.c...
compiling workqueue.c...
compiling ringbuffer.c...
compiling ringblk_buf.c...
compiling drv_uart.c...
compiling serial.c...
compiling clock.c...
compiling msh_parse.c...
compiling drv_gpio.c...
compiling board.c...
compiling components.c...
compiling msh.c...
compiling shell.c...
compiling device.c...
compiling idle.c...
compiling irq.c...
compiling cmd.c...
compiling mempool.c...
compiling mem.c...
compiling scheduler.c...
compiling object.c...
compiling thread.c...
compiling timer.c...
compiling nfc_iic.c...
compiling power.c...
compiling exti.c...
compiling HAL_RTC.c...
compiling kservice.c...
compiling ipc.c...
compiling SI523_App.c...
linking...
Program Size: Code=42496 RO-data=7956 RW-data=940 ZI-data=4980  
FromELF: creating hex file...
After Build - User command #1: fromelf.exe --bin --output ./build/ACM32F4.bin ./build/ACM32F4.axf
"./build/ACM32F4.axf": Error: Q0122E: Could not open file './build/ACM32F4.axf': No such file or directory
Finished: 0 information, 0 warning and 1 error messages.
".\build\keil\ACM32F4.axf" - 0 Error(s), 0 Warning(s).

<h2>Software Packages used:</h2>

Package Vendor: Aisinochip
                
                Aisinochip.ACM32F4.1.0.2
                Aisinochip ACM32F4 ARMv8-M Device Family Pack

<h2>Collection of Component include folders:</h2>

<h2>Collection of Component Files used:</h2>
Build Time Elapsed:  00:00:01
</pre>
</body>
</html>
