Component: Arm Compiler for Embedded 6.18 Tool: armlink [5e4cc100]

==============================================================================

Section Cross References

    hal_uart.o(.text.HAL_UART_IRQHandler) refers to hal_uart.o(.text.HAL_UART_TxCpltCallback) for HAL_UART_TxCpltCallback
    hal_uart.o(.text.HAL_UART_IRQHandler) refers to hal_uart.o(.text.HAL_UART_RxCpltCallback) for HAL_UART_RxCpltCallback
    hal_uart.o(.ARM.exidx.text.HAL_UART_IRQHandler) refers to hal_uart.o(.text.HAL_UART_IRQHandler) for [Anonymous Symbol]
    hal_uart.o(.ARM.exidx.text.HAL_UART_TxCpltCallback) refers to hal_uart.o(.text.HAL_UART_TxCpltCallback) for [Anonymous Symbol]
    hal_uart.o(.ARM.exidx.text.HAL_UART_RxCpltCallback) refers to hal_uart.o(.text.HAL_UART_RxCpltCallback) for [Anonymous Symbol]
    hal_uart.o(.text.HAL_UART_MspInit) refers to system_acm32f4.o(.text.System_Module_Enable) for System_Module_Enable
    hal_uart.o(.text.HAL_UART_MspInit) refers to hal_gpio.o(.text.HAL_GPIO_Init) for HAL_GPIO_Init
    hal_uart.o(.ARM.exidx.text.HAL_UART_MspInit) refers to hal_uart.o(.text.HAL_UART_MspInit) for [Anonymous Symbol]
    hal_uart.o(.text.HAL_UART_Init) refers to drv_uart.o(.text.HAL_UART_MspInit) for HAL_UART_MspInit
    hal_uart.o(.text.HAL_UART_Init) refers to system_acm32f4.o(.text.System_Get_APBClock) for System_Get_APBClock
    hal_uart.o(.text.HAL_UART_Init) refers to uldiv.o(.text) for __aeabi_uldivmod
    hal_uart.o(.text.HAL_UART_Init) refers to hal_uart.o(.bss.Uart_Debug) for Uart_Debug
    hal_uart.o(.ARM.exidx.text.HAL_UART_Init) refers to hal_uart.o(.text.HAL_UART_Init) for [Anonymous Symbol]
    hal_uart.o(.text.HAL_UART_MspDeInit) refers to system_acm32f4.o(.text.System_Module_Disable) for System_Module_Disable
    hal_uart.o(.text.HAL_UART_MspDeInit) refers to hal_gpio.o(.text.HAL_GPIO_DeInit) for HAL_GPIO_DeInit
    hal_uart.o(.ARM.exidx.text.HAL_UART_MspDeInit) refers to hal_uart.o(.text.HAL_UART_MspDeInit) for [Anonymous Symbol]
    hal_uart.o(.text.HAL_UART_DeInit) refers to hal_uart.o(.text.HAL_UART_MspDeInit) for HAL_UART_MspDeInit
    hal_uart.o(.ARM.exidx.text.HAL_UART_DeInit) refers to hal_uart.o(.text.HAL_UART_DeInit) for [Anonymous Symbol]
    hal_uart.o(.ARM.exidx.text.HAL_UART_Transmit) refers to hal_uart.o(.text.HAL_UART_Transmit) for [Anonymous Symbol]
    hal_uart.o(.ARM.exidx.text.HAL_UART_Receive) refers to hal_uart.o(.text.HAL_UART_Receive) for [Anonymous Symbol]
    hal_uart.o(.text.HAL_UART_Transmit_IT) refers to hal_uart.o(.text.HAL_UART_TxCpltCallback) for HAL_UART_TxCpltCallback
    hal_uart.o(.ARM.exidx.text.HAL_UART_Transmit_IT) refers to hal_uart.o(.text.HAL_UART_Transmit_IT) for [Anonymous Symbol]
    hal_uart.o(.ARM.exidx.text.HAL_UART_Receive_IT) refers to hal_uart.o(.text.HAL_UART_Receive_IT) for [Anonymous Symbol]
    hal_uart.o(.text.HAL_UART_Transmit_DMA) refers to hal_dma.o(.text.HAL_DMA_Start_IT) for HAL_DMA_Start_IT
    hal_uart.o(.ARM.exidx.text.HAL_UART_Transmit_DMA) refers to hal_uart.o(.text.HAL_UART_Transmit_DMA) for [Anonymous Symbol]
    hal_uart.o(.text.HAL_UART_Receive_DMA) refers to hal_dma.o(.text.HAL_DMA_Start_IT) for HAL_DMA_Start_IT
    hal_uart.o(.ARM.exidx.text.HAL_UART_Receive_DMA) refers to hal_uart.o(.text.HAL_UART_Receive_DMA) for [Anonymous Symbol]
    hal_uart.o(.ARM.exidx.text.HAL_UART_ErrorCallBack) refers to hal_uart.o(.text.HAL_UART_ErrorCallBack) for [Anonymous Symbol]
    hal_uart.o(.ARM.exidx.text.HAL_UART_GetState) refers to hal_uart.o(.text.HAL_UART_GetState) for [Anonymous Symbol]
    hal_uart.o(.ARM.exidx.text.HAL_UART_GetError) refers to hal_uart.o(.text.HAL_UART_GetError) for [Anonymous Symbol]
    hal_uart.o(.text.HAL_UART_Abort) refers to hal_dma.o(.text.HAL_DMA_Abort) for HAL_DMA_Abort
    hal_uart.o(.ARM.exidx.text.HAL_UART_Abort) refers to hal_uart.o(.text.HAL_UART_Abort) for [Anonymous Symbol]
    hal_uart.o(.ARM.exidx.text.HAL_UART_DMAPause) refers to hal_uart.o(.text.HAL_UART_DMAPause) for [Anonymous Symbol]
    hal_uart.o(.ARM.exidx.text.HAL_UART_DMAResume) refers to hal_uart.o(.text.HAL_UART_DMAResume) for [Anonymous Symbol]
    hal_exti.o(.ARM.exidx.text.HAL_EXTI_IRQHandler) refers to hal_exti.o(.text.HAL_EXTI_IRQHandler) for [Anonymous Symbol]
    hal_exti.o(.ARM.exidx.text.HAL_EXTI_SetConfigLine) refers to hal_exti.o(.text.HAL_EXTI_SetConfigLine) for [Anonymous Symbol]
    hal_exti.o(.ARM.exidx.text.HAL_EXTI_SoftTrigger) refers to hal_exti.o(.text.HAL_EXTI_SoftTrigger) for [Anonymous Symbol]
    hal_exti.o(.ARM.exidx.text.HAL_EXTI_GetPending) refers to hal_exti.o(.text.HAL_EXTI_GetPending) for [Anonymous Symbol]
    hal_exti.o(.ARM.exidx.text.HAL_EXTI_ClearPending) refers to hal_exti.o(.text.HAL_EXTI_ClearPending) for [Anonymous Symbol]
    hal_exti.o(.ARM.exidx.text.HAL_EXTI_ClearAllPending) refers to hal_exti.o(.text.HAL_EXTI_ClearAllPending) for [Anonymous Symbol]
    hal_dma.o(.ARM.exidx.text.HAL_DMA_IRQHandler) refers to hal_dma.o(.text.HAL_DMA_IRQHandler) for [Anonymous Symbol]
[...]
    _printf_p                                0x00000000   Number         0  printfstubs.o ABSOLUTE
    _printf_percent                          0x00000000   Number         0  printfstubs.o ABSOLUTE
    _printf_pre_padding                      0x00000000   Number         0  printfstubs.o ABSOLUTE
    _printf_return_value                     0x00000000   Number         0  printfstubs.o ABSOLUTE
    _printf_s                                0x00000000   Number         0  printfstubs.o ABSOLUTE
    _printf_sizespec                         0x00000000   Number         0  printfstubs.o ABSOLUTE
    _printf_str                              0x00000000   Number         0  printfstubs.o ABSOLUTE
    _printf_truncate_signed                  0x00000000   Number         0  printfstubs.o ABSOLUTE
    _printf_truncate_unsigned                0x00000000   Number         0  printfstubs.o ABSOLUTE
    _printf_u                                0x00000000   Number         0  printfstubs.o ABSOLUTE
    _printf_wc                               0x00000000   Number         0  printfstubs.o ABSOLUTE
    _printf_wctomb                           0x00000000   Number         0  printfstubs.o ABSOLUTE
    _printf_widthprec                        0x00000000   Number         0  printfstubs.o ABSOLUTE
    _printf_x                                0x00000000   Number         0  printfstubs.o ABSOLUTE
    HAL_UART_ErrorCallback                    - Undefined Weak Reference
    __cpp_initialize__aeabi_                  - Undefined Weak Reference
    __cxa_finalize                            - Undefined Weak Reference
    _clock_init                               - Undefined Weak Reference
    _microlib_exit                            - Undefined Weak Reference
    __main                                   0x000000e5   Thumb Code     0  entry.o(.ARM.Collect$$$$00000000)
    _main_stk                                0x000000e5   Thumb Code     0  entry2.o(.ARM.Collect$$$$00000001)
    _main_scatterload                        0x000000e9   Thumb Code     0  entry5.o(.ARM.Collect$$$$00000004)
    __main_after_scatterload                 0x000000ed   Thumb Code     0  entry5.o(.ARM.Collect$$$$00000004)
    _main_clock                              0x000000ed   Thumb Code     0  entry7b.o(.ARM.Collect$$$$00000008)
    _main_cpp_init                           0x000000ed   Thumb Code     0  entry8b.o(.ARM.Collect$$$$0000000A)
    _main_init                               0x000000ed   Thumb Code     0  entry9a.o(.ARM.Collect$$$$0000000B)
    __rt_final_cpp                           0x000000f5   Thumb Code     0  entry10a.o(.ARM.Collect$$$$0000000D)
    __rt_final_exit                          0x000000f5   Thumb Code     0  entry11a.o(.ARM.Collect$$$$0000000F)
    Reset_Handler                            0x000000f9   Thumb Code     8  startup_acm32f4.o(.text)
    NMI_Handler                              0x00000101   Thumb Code     2  startup_acm32f4.o(.text)
    MemManage_Handler                        0x00000105   Thumb Code     2  startup_acm32f4.o(.text)
    BusFault_Handler                         0x00000107   Thumb Code     2  startup_acm32f4.o(.text)
    UsageFault_Handler                       0x00000109   Thumb Code     2  startup_acm32f4.o(.text)
    DebugMon_Handler                         0x0000010d   Thumb Code     2  startup_acm32f4.o(.text)
    ADC_IRQHandler                           0x00000113   Thumb Code     0  startup_acm32f4.o(.text)
    AES_IRQHandler                           0x00000113   Thumb Code     0  startup_acm32f4.o(.text)
    CAN1_IRQHandler                          0x00000113   Thumb Code     0  startup_acm32f4.o(.text)
    CAN2_IRQHandler                          0x00000113   Thumb Code     0  startup_acm32f4.o(.text)
    CLKRDY_IRQHandler                        0x00000113   Thumb Code     0  startup_acm32f4.o(.text)
    DAC_IRQHandler                           0x00000113   Thumb Code     0  startup_acm32f4.o(.text)
    EFC_IRQHandler                           0x00000113   Thumb Code     0  startup_acm32f4.o(.text)
    FPU_IRQHandler                           0x00000113   Thumb Code     0  startup_acm32f4.o(.text)
    GPIOAB_IRQHandler                        0x00000113   Thumb Code     0  startup_acm32f4.o(.text)
    GPIOCD_IRQHandler                        0x00000113   Thumb Code     0  startup_acm32f4.o(.text)
    GPIOEF_IRQHandler                        0x00000113   Thumb Code     0  startup_acm32f4.o(.text)
    I2C1_IRQHandler                          0x00000113   Thumb Code     0  startup_acm32f4.o(.text)
    I2C2_IRQHandler                          0x00000113   Thumb Code     0  startup_acm32f4.o(.text)
    I2S_IRQHandler                           0x00000113   Thumb Code     0  startup_acm32f4.o(.text)
    LPUART_IRQHandler                        0x00000113   Thumb Code     0  startup_acm32f4.o(.text)
    RSV_IRQHandler                           0x00000113   Thumb Code     0  startup_acm32f4.o(.text)
    RTC_IRQHandler                           0x00000113   Thumb Code     0  startup_acm32f4.o(.text)
    SPI1_IRQHandler                          0x00000113   Thumb Code     0  startup_acm32f4.o(.text)
    SPI2_IRQHandler                          0x00000113   Thumb Code     0  startup_acm32f4.o(.text)
    SPI3_IRQHandler                          0x00000113   Thumb Code     0  startup_acm32f4.o(.text)
    SPI4_IRQHandler                          0x00000113   Thumb Code     0  startup_acm32f4.o(.text)
    SRAM_PARITY_IRQHandler                   0x00000113   Thumb Code     0  startup_acm32f4.o(.text)
    TIM14_IRQHandler                         0x00000113   Thumb Code     0  startup_acm32f4.o(.text)
    TIM15_IRQHandler                         0x00000113   Thumb Code     0  startup_acm32f4.o(.text)
    TIM16_IRQHandler                         0x00000113   Thumb Code     0  startup_acm32f4.o(.text)
    TIM17_IRQHandler                         0x00000113   Thumb Code     0  startup_acm32f4.o(.text)
    TIM1_BRK_UP_TRG_COM_IRQHandler           0x00000113   Thumb Code     0  startup_acm32f4.o(.text)
    TIM1_CC_IRQHandler                       0x00000113   Thumb Code     0  startup_acm32f4.o(.text)
    TIM2_IRQHandler                          0x00000113   Thumb Code     0  startup_acm32f4.o(.text)
    TIM3_IRQHandler                          0x00000113   Thumb Code     0  startup_acm32f4.o(.text)
    TIM4_IRQHandler                          0x00000113   Thumb Code     0  startup_acm32f4.o(.text)
    TIM6_IRQHandler                          0x00000113   Thumb Code     0  startup_acm32f4.o(.text)
    TIM7_IRQHandler                          0x00000113   Thumb Code     0  startup_acm32f4.o(.text)
    USB_IRQHandler                           0x00000113   Thumb Code     0  startup_acm32f4.o(.text)
    WDT_IRQHandler                           0x00000113   Thumb Code     0  startup_acm32f4.o(.text)
    rt_hw_interrupt_disable                  0x0000011d   Thumb Code     8  context_rvds.o(.text)
    rt_hw_interrupt_enable                   0x00000125   Thumb Code     6  context_rvds.o(.text)
    rt_hw_context_switch                     0x0000012b   Thumb Code    32  context_rvds.o(.text)
    rt_hw_context_switch_interrupt           0x0000012b   Thumb Code     0  context_rvds.o(.text)
    PendSV_Handler                           0x0000014b   Thumb Code   192  context_rvds.o(.text)
    rt_hw_context_switch_to                  0x0000020b   Thumb Code    76  context_rvds.o(.text)
    rt_hw_interrupt_thread_switch            0x00000257   Thumb Code     2  context_rvds.o(.text)
    HardFault_Handler                        0x00000259   Thumb Code    72  context_rvds.o(.text)
    tzcall                                   0x000002c1   Thumb Code     4  syscall_rvds.o(.text)
    SVC_Handler                              0x000002dd   Thumb Code    28  syscall_rvds.o(.text)
    __aeabi_uldivmod                         0x000002f9   Thumb Code    98  uldiv.o(.text)
    __rt_ctype_table                         0x0000035d   Thumb Code     4  ctype_o.o(.text)
    toupper                                  0x00000365   Thumb Code    12  toupper.o(.text)
    __aeabi_memset                           0x00000371   Thumb Code    14  memseta.o(.text)
    __aeabi_memset4                          0x00000371   Thumb Code     0  memseta.o(.text)
    __aeabi_memset8                          0x00000371   Thumb Code     0  memseta.o(.text)
    __aeabi_memclr                           0x0000037f   Thumb Code     4  memseta.o(.text)
    __aeabi_memclr4                          0x0000037f   Thumb Code     0  memseta.o(.text)
    __aeabi_memclr8                          0x0000037f   Thumb Code     0  memseta.o(.text)
    _memset$wrapper                          0x00000383   Thumb Code    18  memseta.o(.text)
    strncpy                                  0x00000395   Thumb Code    24  strncpy.o(.text)
    strlen                                   0x000003ad   Thumb Code    14  strlen.o(.text)
    strcmp                                   0x000003bb   Thumb Code    28  strcmp.o(.text)
    memcmp                                   0x000003d7   Thumb Code    26  memcmp.o(.text)
    strncat                                  0x000003f1   Thumb Code    40  strncat.o(.text)
    strncmp                                  0x00000419   Thumb Code    30  strncmp.o(.text)
    atoi                                     0x00000437   Thumb Code    26  atoi.o(.text)
    __aeabi_llsl                             0x00000451   Thumb Code    30  llshl.o(.text)
    _ll_shift_l                              0x00000451   Thumb Code     0  llshl.o(.text)
    __aeabi_llsr                             0x0000046f   Thumb Code    32  llushr.o(.text)
    _ll_ushift_r                             0x0000046f   Thumb Code     0  llushr.o(.text)
    strtol                                   0x0000048f   Thumb Code   112  strtol.o(.text)
    __scatterload                            0x00000501   Thumb Code    28  init.o(.text)
    __scatterload_rt2                        0x00000501   Thumb Code     0  init.o(.text)
    _strtoul                                 0x00000525   Thumb Code   158  _strtoul.o(.text)
    _chval                                   0x000005c3   Thumb Code    28  _chval.o(.text)
    __decompress                             0x000005df   Thumb Code     0  __dczerorl2.o(.text)
    __decompress1                            0x000005df   Thumb Code    86  __dczerorl2.o(.text)
    main                                     0x00000635   Thumb Code    10  components.o(.text.$Sub$$main)
    ACD_Fun                                  0x00000641   Thumb Code   152  si523_app.o(.text.ACD_Fun)
    ACD_init_Fun                             0x00000715   Thumb Code    12  si523_app.o(.text.ACD_init_Fun)
    APP_Standby_Test                         0x00000721   Thumb Code   280  power.o(.text.APP_Standby_Test)
    CalulateCRC                              0x000008c9   Thumb Code   112  si523_app.o(.text.CalulateCRC)
    DMA_IRQHandler                           0x00000939   Thumb Code   206  drv_uart.o(.text.DMA_IRQHandler)
    EXTI_IRQHandler                          0x00000a09   Thumb Code    80  drv_gpio.o(.text.EXTI_IRQHandler)
    HAL_DMA_Init                             0x00000a59   Thumb Code   210  hal_dma.o(.text.HAL_DMA_Init)
    HAL_DMA_Start_IT                         0x00000b2d   Thumb Code   140  hal_dma.o(.text.HAL_DMA_Start_IT)
    HAL_EFlash_Init                          0x00000bb9   Thumb Code     2  hal_eflash.o(.text.HAL_EFlash_Init)
    HAL_EXTI_ClearAllPending                 0x00000bbd   Thumb Code    18  hal_exti.o(.text.HAL_EXTI_ClearAllPending)
    HAL_EXTI_SetConfigLine                   0x00000bd1   Thumb Code   278  hal_exti.o(.text.HAL_EXTI_SetConfigLine)
    HAL_GPIO_Init                            0x00000ce9   Thumb Code   866  hal_gpio.o(.text.HAL_GPIO_Init)
    HAL_GPIO_ReadPin                         0x0000104d   Thumb Code    62  hal_gpio.o(.text.HAL_GPIO_ReadPin)
    HAL_GPIO_WritePin                        0x0000108d   Thumb Code   102  hal_gpio.o(.text.HAL_GPIO_WritePin)
    HAL_RTC_Config                           0x000010f5   Thumb Code   160  hal_rtc.o(.text.HAL_RTC_Config)
    HAL_RTC_Get_StandbyStatus                0x00001195   Thumb Code    16  hal_rtc.o(.text.HAL_RTC_Get_StandbyStatus)
    HAL_RTC_Get_StandbyWakeupSource          0x000011a5   Thumb Code    12  hal_rtc.o(.text.HAL_RTC_Get_StandbyWakeupSource)
    HAL_RTC_Standby_Wakeup                   0x000011b1   Thumb Code   210  hal_rtc.o(.text.HAL_RTC_Standby_Wakeup)
    HAL_UART_Init                            0x00001285   Thumb Code   344  hal_uart.o(.text.HAL_UART_Init)
    HAL_UART_MspInit                         0x000013dd   Thumb Code   176  drv_uart.o(.text.HAL_UART_MspInit)
    HAL_UART_Receive_DMA                     0x000014b5   Thumb Code   130  hal_uart.o(.text.HAL_UART_Receive_DMA)
    HAL_UART_Transmit_DMA                    0x00001539   Thumb Code   124  hal_uart.o(.text.HAL_UART_Transmit_DMA)
    IIC_Read_Byte                            0x000015b5   Thumb Code   158  nfc_iic.o(.text.IIC_Read_Byte)
    IIC_Send_Byte                            0x00001655   Thumb Code    94  nfc_iic.o(.text.IIC_Send_Byte)
    IIC_Wait_Ack                             0x000016b5   Thumb Code   158  nfc_iic.o(.text.IIC_Wait_Ack)
    I_SI523_IO_Init                          0x00001755   Thumb Code    78  nfc_iic.o(.text.I_SI523_IO_Init)
    I_SI523_IO_Read                          0x000017a5   Thumb Code     8  nfc_iic.o(.text.I_SI523_IO_Read)
    I_SI523_IO_Write                         0x000017ad   Thumb Code     8  nfc_iic.o(.text.I_SI523_IO_Write)
    PCD_ACD_Init                             0x000017b5   Thumb Code   228  si523_app.o(.text.PCD_ACD_Init)
    PCD_IRQ                                  0x00001899   Thumb Code    92  si523_app.o(.text.PCD_IRQ)
    PCD_SI523_TypeA_GetUID                   0x000018f5   Thumb Code   448  si523_app.o(.text.PCD_SI523_TypeA_GetUID)
    PCD_SI523_TypeA_Init                     0x00001b49   Thumb Code   148  si523_app.o(.text.PCD_SI523_TypeA_Init)
    PcdAnticoll                              0x00001bdd   Thumb Code   138  si523_app.o(.text.PcdAnticoll)
    PcdComMF522                              0x00001c69   Thumb Code   324  si523_app.o(.text.PcdComMF522)
    PcdRequest                               0x00001dad   Thumb Code    96  si523_app.o(.text.PcdRequest)
    PcdReset                                 0x00001e0d   Thumb Code    62  si523_app.o(.text.PcdReset)
    PcdSelect1                               0x00001e4d   Thumb Code   118  si523_app.o(.text.PcdSelect1)
    PcdSelect2                               0x00001ec5   Thumb Code   118  si523_app.o(.text.PcdSelect2)
    PcdSelect3                               0x00001f3d   Thumb Code   118  si523_app.o(.text.PcdSelect3)
    RF_EXTI_Init                             0x00001fb5   Thumb Code    84  exti.o(.text.RF_EXTI_Init)
    SI523_I2C_LL_ReadRawRC                   0x00002019   Thumb Code   240  nfc_iic.o(.text.SI523_I2C_LL_ReadRawRC)
    SI523_I2C_LL_WriteRawRC                  0x00002109   Thumb Code   172  nfc_iic.o(.text.SI523_I2C_LL_WriteRawRC)
    SysTick_Handler                          0x000021b5   Thumb Code    16  board.o(.text.SysTick_Handler)
    System_Clock_Init                        0x000021c5   Thumb Code   618  system_acm32f4.o(.text.System_Clock_Init)
    System_Core_Config                       0x00002431   Thumb Code    24  system_acm32f4.o(.text.System_Core_Config)
    System_Delay_MS                          0x00002449   Thumb Code    30  system_acm32f4.o(.text.System_Delay_MS)
    System_Enter_Standby_Mode                0x00002469   Thumb Code    88  system_acm32f4.o(.text.System_Enter_Standby_Mode)
    System_Get_APBClock                      0x000024dd   Thumb Code    12  system_acm32f4.o(.text.System_Get_APBClock)
    System_Get_SystemClock                   0x000024e9   Thumb Code    12  system_acm32f4.o(.text.System_Get_SystemClock)
    System_Init                              0x000024f5   Thumb Code    74  system_acm32f4.o(.text.System_Init)
    System_Module_Enable                     0x00002541   Thumb Code    62  system_acm32f4.o(.text.System_Module_Enable)
    UART1_IRQHandler                         0x00002581   Thumb Code    26  drv_uart.o(.text.UART1_IRQHandler)
    UART2_IRQHandler                         0x0000259d   Thumb Code    28  drv_uart.o(.text.UART2_IRQHandler)
    UART3_IRQHandler                         0x000025b9   Thumb Code    28  drv_uart.o(.text.UART3_IRQHandler)
    UART4_IRQHandler                         0x000025d5   Thumb Code    28  drv_uart.o(.text.UART4_IRQHandler)
    __rt_ffs                                 0x000025f1   Thumb Code    56  kservice.o(.text.__rt_ffs)
    cmd_free                                 0x000032d5   Thumb Code    64  msh.o(.text.cmd_free)
    cmd_list                                 0x00003355   Thumb Code   344  cmd.o(.text.cmd_list)
    cmd_ps                                   0x00003541   Thumb Code    10  msh.o(.text.cmd_ps)
    delay_ms                                 0x0000354d   Thumb Code     8  delay.o(.text.delay_ms)
    delay_us                                 0x00003555   Thumb Code     2  delay.o(.text.delay_us)
    finsh_getchar                            0x00003559   Thumb Code   132  shell.o(.text.finsh_getchar)
    finsh_set_device                         0x00003625   Thumb Code   140  shell.o(.text.finsh_set_device)
    finsh_system_init                        0x000036e5   Thumb Code   176  shell.o(.text.finsh_system_init)
    finsh_thread_entry                       0x000037bd   Thumb Code  1480  shell.o(.text.finsh_thread_entry)
    fputc                                    0x00003d95   Thumb Code    20  syscalls.o(.text.fputc)
    list_device                              0x00003da9   Thumb Code   236  cmd.o(.text.list_device)
    list_event                               0x00003efd   Thumb Code   340  cmd.o(.text.list_event)
    list_mailbox                             0x000040c1   Thumb Code   364  cmd.o(.text.list_mailbox)
    list_mempool                             0x0000429d   Thumb Code   356  cmd.o(.text.list_mempool)
    list_msgqueue                            0x00004485   Thumb Code   356  cmd.o(.text.list_msgqueue)
    list_mutex                               0x00004645   Thumb Code   236  cmd.o(.text.list_mutex)
    list_sem                                 0x0000478d   Thumb Code   348  cmd.o(.text.list_sem)
    list_thread                              0x00004949   Thumb Code   360  cmd.o(.text.list_thread)
    list_timer                               0x00004b1d   Thumb Code   292  cmd.o(.text.list_timer)
    $Super$$main                             0x00004cd1   Thumb Code    36  main.o(.text.main)
    main_thread_entry                        0x00004d11   Thumb Code    48  components.o(.text.main_thread_entry)
    msh_auto_complete                        0x00004d41   Thumb Code   268  msh.o(.text.msh_auto_complete)
    msh_exec                                 0x00004e51   Thumb Code   480  msh.o(.text.msh_exec)
    msh_help                                 0x0000506d   Thumb Code    90  msh.o(.text.msh_help)
    msh_isint                                0x000050c9   Thumb Code    60  msh_parse.o(.text.msh_isint)
    rt_assert_handler                        0x000053ad   Thumb Code    64  kservice.o(.text.rt_assert_handler)
    rt_calloc                                0x000053ed   Thumb Code    30  kservice.o(.text.rt_calloc)
    rt_completion_done                       0x0000540d   Thumb Code    76  completion.o(.text.rt_completion_done)
    rt_completion_init                       0x0000546d   Thumb Code    44  completion.o(.text.rt_completion_init)
    rt_completion_wait                       0x000054ad   Thumb Code   352  completion.o(.text.rt_completion_wait)
    rt_components_board_init                 0x00005671   Thumb Code    44  components.o(.text.rt_components_board_init)
    rt_console_get_device                    0x0000569d   Thumb Code    12  kservice.o(.text.rt_console_get_device)
    rt_console_set_device                    0x000056a9   Thumb Code    52  kservice.o(.text.rt_console_set_device)
    rt_critical_level                        0x000056dd   Thumb Code    12  scheduler.o(.text.rt_critical_level)
    rt_data_queue_deinit                     0x000056e9   Thumb Code    96  dataqueue.o(.text.rt_data_queue_deinit)
    rt_data_queue_init                       0x00005749   Thumb Code   124  dataqueue.o(.text.rt_data_queue_init)
    rt_data_queue_peek                       0x000057d1   Thumb Code   128  dataqueue.o(.text.rt_data_queue_peek)
    rt_data_queue_pop                        0x00005851   Thumb Code   756  dataqueue.o(.text.rt_data_queue_pop)
    rt_data_queue_push                       0x00005b69   Thumb Code   528  dataqueue.o(.text.rt_data_queue_push)
    rt_data_queue_reset                      0x00005d79   Thumb Code   190  dataqueue.o(.text.rt_data_queue_reset)
    rt_device_close                          0x00005e39   Thumb Code   116  device.o(.text.rt_device_close)
    rt_device_find                           0x00005ead   Thumb Code    10  device.o(.text.rt_device_find)
    rt_device_open                           0x00005eb9   Thumb Code   204  device.o(.text.rt_device_open)
    rt_device_pin_register                   0x00005f99   Thumb Code    48  pin.o(.text.rt_device_pin_register)
    rt_device_read                           0x00005fc9   Thumb Code   116  device.o(.text.rt_device_read)
    rt_device_register                       0x0000603d   Thumb Code    46  device.o(.text.rt_device_register)
    rt_device_set_rx_indicate                0x0000606d   Thumb Code    72  device.o(.text.rt_device_set_rx_indicate)
    rt_device_write                          0x000060b5   Thumb Code   116  device.o(.text.rt_device_write)
    rt_enter_critical                        0x00006129   Thumb Code    26  scheduler.o(.text.rt_enter_critical)
    rt_exit_critical                         0x00006145   Thumb Code    62  scheduler.o(.text.rt_exit_critical)
    rt_free                                  0x00006185   Thumb Code   174  kservice.o(.text.rt_free)
    rt_hw_board_init                         0x00006235   Thumb Code   100  board.o(.text.rt_hw_board_init)
    rt_hw_console_output                     0x000062a1   Thumb Code     2  kservice.o(.text.rt_hw_console_output)
    rt_hw_hard_fault_exception               0x000062a5   Thumb Code   796  cpuport.o(.text.rt_hw_hard_fault_exception)
    rt_hw_pin_init                           0x00006669   Thumb Code    20  drv_gpio.o(.text.rt_hw_pin_init)
    rt_hw_serial_isr                         0x00006681   Thumb Code   764  serial.o(.text.rt_hw_serial_isr)
    rt_hw_serial_register                    0x000069c5   Thumb Code    68  serial.o(.text.rt_hw_serial_register)
    rt_hw_stack_init                         0x00006a21   Thumb Code    80  cpuport.o(.text.rt_hw_stack_init)
    rt_hw_uart_init                          0x00006a71   Thumb Code   220  drv_uart.o(.text.rt_hw_uart_init)
    rt_interrupt_enter                       0x00006b6d   Thumb Code    46  irq.o(.text.rt_interrupt_enter)
    rt_interrupt_get_nest                    0x00006b9d   Thumb Code    24  irq.o(.text.rt_interrupt_get_nest)
    rt_interrupt_leave                       0x00006bb5   Thumb Code    46  irq.o(.text.rt_interrupt_leave)
    rt_kprintf                               0x00006be5   Thumb Code    96  kservice.o(.text.rt_kprintf)
    rt_malloc                                0x00006c45   Thumb Code   186  kservice.o(.text.rt_malloc)
    rt_memcpy                                0x00006d01   Thumb Code   124  kservice.o(.text.rt_memcpy)
    rt_memmove                               0x00006d7d   Thumb Code    58  kservice.o(.text.rt_memmove)
    rt_memory_info                           0x00006db9   Thumb Code   174  kservice.o(.text.rt_memory_info)
    rt_memset                                0x00006e69   Thumb Code    94  kservice.o(.text.rt_memset)
    rt_mutex_init                            0x00006ec9   Thumb Code    64  ipc.o(.text.rt_mutex_init)
    rt_mutex_release                         0x00006f19   Thumb Code   376  ipc.o(.text.rt_mutex_release)
    rt_mutex_take                            0x00007091   Thumb Code   576  ipc.o(.text.rt_mutex_take)
    rt_object_allocate                       0x000072d1   Thumb Code   214  object.o(.text.rt_object_allocate)
    rt_object_delete                         0x000073a9   Thumb Code   116  object.o(.text.rt_object_delete)
    rt_object_detach                         0x00007449   Thumb Code    72  object.o(.text.rt_object_detach)
    rt_object_find                           0x000074a5   Thumb Code   150  object.o(.text.rt_object_find)
    rt_object_get_information                0x0000753d   Thumb Code    34  object.o(.text.rt_object_get_information)
    rt_object_get_type                       0x00007561   Thumb Code    32  object.o(.text.rt_object_get_type)
    rt_object_init                           0x00007595   Thumb Code   184  object.o(.text.rt_object_init)
    rt_object_is_systemobject                0x0000765d   Thumb Code    32  object.o(.text.rt_object_is_systemobject)
    rt_schedule                              0x00007699   Thumb Code   644  scheduler.o(.text.rt_schedule)
    rt_schedule_insert_thread                0x00007989   Thumb Code   134  scheduler.o(.text.rt_schedule_insert_thread)
    rt_schedule_remove_thread                0x00007a11   Thumb Code   106  scheduler.o(.text.rt_schedule_remove_thread)
    rt_secure_svc_handle                     0x00007a7d   Thumb Code    44  trustzone.o(.text.rt_secure_svc_handle)
    rt_sem_init                              0x00007ac1   Thumb Code   136  ipc.o(.text.rt_sem_init)
    rt_sem_release                           0x00007b49   Thumb Code   156  ipc.o(.text.rt_sem_release)
    rt_sem_take                              0x00007be5   Thumb Code   496  ipc.o(.text.rt_sem_take)
    rt_set_errno                             0x00008849   Thumb Code    34  kservice.o(.text.rt_set_errno)
    rt_show_version                          0x0000886d   Thumb Code    56  kservice.o(.text.rt_show_version)
    rt_smem_alloc                            0x00008931   Thumb Code   448  mem.o(.text.rt_smem_alloc)
    rt_smem_free                             0x00008b21   Thumb Code   268  mem.o(.text.rt_smem_free)
    rt_smem_init                             0x00008c8d   Thumb Code   140  mem.o(.text.rt_smem_init)
    rt_soft_timer_check                      0x00008d5d   Thumb Code   270  timer.o(.text.rt_soft_timer_check)
    rt_sprintf                               0x00008e6d   Thumb Code    36  kservice.o(.text.rt_sprintf)
    rt_strcmp                                0x00008e91   Thumb Code    30  kservice.o(.text.rt_strcmp)
    rt_strerror                              0x00008eb1   Thumb Code    28  kservice.o(.text.rt_strerror)
    rt_strlen                                0x00008efd   Thumb Code    16  kservice.o(.text.rt_strlen)
    rt_strncmp                               0x00008f0d   Thumb Code    50  kservice.o(.text.rt_strncmp)
    rt_strncpy                               0x00008f41   Thumb Code    50  kservice.o(.text.rt_strncpy)
    rt_system_heap_init                      0x00008f75   Thumb Code   152  kservice.o(.text.rt_system_heap_init)
    rt_system_scheduler_init                 0x0000900d   Thumb Code    48  scheduler.o(.text.rt_system_scheduler_init)
    rt_system_scheduler_start                0x0000903d   Thumb Code   110  scheduler.o(.text.rt_system_scheduler_start)
    rt_system_timer_init                     0x000090ad   Thumb Code    14  timer.o(.text.rt_system_timer_init)
    rt_system_timer_thread_init              0x000090bd   Thumb Code    80  timer.o(.text.rt_system_timer_thread_init)
    rt_thread_control                        0x00009115   Thumb Code   190  thread.o(.text.rt_thread_control)
    rt_thread_create                         0x000091d5   Thumb Code    74  thread.o(.text.rt_thread_create)
    rt_thread_defunct_enqueue                0x00009221   Thumb Code    22  idle.o(.text.rt_thread_defunct_enqueue)
    rt_thread_delay                          0x00009239   Thumb Code     8  thread.o(.text.rt_thread_delay)
    rt_thread_delete                         0x00009241   Thumb Code   152  thread.o(.text.rt_thread_delete)
    rt_thread_detach                         0x00009315   Thumb Code   152  thread.o(.text.rt_thread_detach)
    rt_thread_idle_init                      0x0000945d   Thumb Code    80  idle.o(.text.rt_thread_idle_init)
    rt_thread_init                           0x000094b5   Thumb Code   116  thread.o(.text.rt_thread_init)
    rt_thread_mdelay                         0x00009541   Thumb Code    12  thread.o(.text.rt_thread_mdelay)
    rt_thread_resume                         0x0000954d   Thumb Code   152  thread.o(.text.rt_thread_resume)
    rt_thread_self                           0x000095e5   Thumb Code    12  thread.o(.text.rt_thread_self)
    rt_thread_sleep                          0x000095f1   Thumb Code   136  thread.o(.text.rt_thread_sleep)
    rt_thread_startup                        0x00009679   Thumb Code   136  thread.o(.text.rt_thread_startup)
    rt_thread_suspend                        0x00009739   Thumb Code   180  thread.o(.text.rt_thread_suspend)
    rt_tick_from_millisecond                 0x00009809   Thumb Code    62  clock.o(.text.rt_tick_from_millisecond)
    rt_tick_get                              0x00009849   Thumb Code    12  clock.o(.text.rt_tick_get)
    rt_tick_increase                         0x00009855   Thumb Code    94  clock.o(.text.rt_tick_increase)
    rt_timer_check                           0x000098b5   Thumb Code   244  timer.o(.text.rt_timer_check)
    rt_timer_control                         0x000099a9   Thumb Code   180  timer.o(.text.rt_timer_control)
    rt_timer_detach                          0x00009a85   Thumb Code   136  timer.o(.text.rt_timer_detach)
    rt_timer_init                            0x00009b39   Thumb Code   146  timer.o(.text.rt_timer_init)
    rt_timer_start                           0x00009bcd   Thumb Code   308  timer.o(.text.rt_timer_start)
    rt_timer_stop                            0x00009d01   Thumb Code   134  timer.o(.text.rt_timer_stop)
    rt_trustzone_context_load                0x00009d89   Thumb Code     2  trustzone.o(.text.rt_trustzone_context_load)
    rt_trustzone_context_store               0x00009d8d   Thumb Code     2  trustzone.o(.text.rt_trustzone_context_store)
    rt_vsnprintf                             0x00009d91   Thumb Code   792  kservice.o(.text.rt_vsnprintf)
    rtthread_startup                         0x0000a0b9   Thumb Code   108  components.o(.text.rtthread_startup)
    version                                  0x0000a209   Thumb Code    10  cmd.o(.text.version)
    __0printf$8                              0x0000a215   Thumb Code    22  printf8.o(i.__0printf$8)
    __1printf$8                              0x0000a215   Thumb Code     0  printf8.o(i.__0printf$8)
    __2printf                                0x0000a215   Thumb Code     0  printf8.o(i.__0printf$8)
    __aeabi_errno_addr                       0x0000a235   Thumb Code     4  errno.o(i.__aeabi_errno_addr)
    __rt_errno_addr                          0x0000a235   Thumb Code     0  errno.o(i.__aeabi_errno_addr)
    __scatterload_copy                       0x0000a23d   Thumb Code    14  handlers.o(i.__scatterload_copy)
    __scatterload_null                       0x0000a24b   Thumb Code     2  handlers.o(i.__scatterload_null)
    __scatterload_zeroinit                   0x0000a24d   Thumb Code    14  handlers.o(i.__scatterload_zeroinit)
    puts                                     0x0000a6c1   Thumb Code    30  puts.o(i.puts)
    __ctype_table                            0x0000a6e4   Data         129  ctype_o.o(.constdata)
    __lowest_bit_bitmap                      0x0000a76c   Data         256  kservice.o(.rodata.__lowest_bit_bitmap)
    __fsym_pin_name                          0x0000a914   Data           4  pin.o(.rodata.name)
    __fsym_pin_desc                          0x0000a918   Data          13  pin.o(.rodata.name)
    __fsym_help_name                         0x0000a925   Data           5  msh.o(.rodata.name)
    __fsym_help_desc                         0x0000a92a   Data          22  msh.o(.rodata.name)
    __fsym_ps_name                           0x0000a940   Data           3  msh.o(.rodata.name)
    __fsym_ps_desc                           0x0000a943   Data          28  msh.o(.rodata.name)
    __fsym_free_name                         0x0000a95f   Data           5  msh.o(.rodata.name)
    __fsym_free_desc                         0x0000a964   Data          37  msh.o(.rodata.name)
    __fsym_clear_name                        0x0000a989   Data           6  cmd.o(.rodata.name)
    __fsym_clear_desc                        0x0000a98f   Data          26  cmd.o(.rodata.name)
    __fsym_version_name                      0x0000a9a9   Data           8  cmd.o(.rodata.name)
    __fsym_version_desc                      0x0000a9b1   Data          35  cmd.o(.rodata.name)
    __fsym_list_thread_name                  0x0000a9d4   Data          12  cmd.o(.rodata.name)
    __fsym_list_thread_desc                  0x0000a9e0   Data          12  cmd.o(.rodata.name)
    __fsym_list_sem_name                     0x0000a9ec   Data           9  cmd.o(.rodata.name)
    __fsym_list_sem_desc                     0x0000a9f5   Data          25  cmd.o(.rodata.name)
    __fsym_list_event_name                   0x0000aa0e   Data          11  cmd.o(.rodata.name)
    __fsym_list_event_desc                   0x0000aa19   Data          21  cmd.o(.rodata.name)
    __fsym_list_mutex_name                   0x0000aa2e   Data          11  cmd.o(.rodata.name)
    __fsym_list_mutex_desc                   0x0000aa39   Data          21  cmd.o(.rodata.name)
    __fsym_list_mailbox_name                 0x0000aa4e   Data          13  cmd.o(.rodata.name)
    __fsym_list_mailbox_desc                 0x0000aa5b   Data          24  cmd.o(.rodata.name)
    __fsym_list_msgqueue_name                0x0000aa73   Data          14  cmd.o(.rodata.name)
    __fsym_list_msgqueue_desc                0x0000aa81   Data          29  cmd.o(.rodata.name)
    __fsym_list_mempool_name                 0x0000aa9e   Data          13  cmd.o(.rodata.name)
    __fsym_list_mempool_desc                 0x0000aaab   Data          27  cmd.o(.rodata.name)
    __fsym_list_timer_name                   0x0000aac6   Data          11  cmd.o(.rodata.name)
    __fsym_list_timer_desc                   0x0000aad1   Data          21  cmd.o(.rodata.name)
    __fsym_list_device_name                  0x0000aae6   Data          12  cmd.o(.rodata.name)
    __fsym_list_device_desc                  0x0000aaf2   Data          22  cmd.o(.rodata.name)
    __fsym_list_name                         0x0000ab08   Data           5  cmd.o(.rodata.name)
    __fsym_list_desc                         0x0000ab0d   Data          13  cmd.o(.rodata.name)
    __rt_init_rti_start                      0x0000c41c   Data           4  components.o(.rti_fn.0)
    __rt_init_rti_board_start                0x0000c420   Data           4  components.o(.rti_fn.0.end)
    __rt_init_rt_hw_pin_init                 0x0000c424   Data           4  drv_gpio.o(.rti_fn.1)
    __rt_init_rti_board_end                  0x0000c428   Data           4  components.o(.rti_fn.1.end)
    __rt_init_finsh_system_init              0x0000c42c   Data           4  shell.o(.rti_fn.6)
    __rt_init_rti_end                        0x0000c430   Data           4  components.o(.rti_fn.6.end)
    FSymTab$$Base                            0x0000c434   Number         0  pin.o(FSymTab)
    __fsym_pin                               0x0000c434   Data          12  pin.o(FSymTab)
    __fsym_help                              0x0000c440   Data          12  msh.o(FSymTab)
    __fsym_ps                                0x0000c44c   Data          12  msh.o(FSymTab)
    __fsym_free                              0x0000c458   Data          12  msh.o(FSymTab)
    __fsym_clear                             0x0000c464   Data          12  cmd.o(FSymTab)
    __fsym_version                           0x0000c470   Data          12  cmd.o(FSymTab)
    __fsym_list_thread                       0x0000c47c   Data          12  cmd.o(FSymTab)
    __fsym_list_sem                          0x0000c488   Data          12  cmd.o(FSymTab)
    __fsym_list_event                        0x0000c494   Data          12  cmd.o(FSymTab)
    __fsym_list_mutex                        0x0000c4a0   Data          12  cmd.o(FSymTab)
    __fsym_list_mailbox                      0x0000c4ac   Data          12  cmd.o(FSymTab)
    __fsym_list_msgqueue                     0x0000c4b8   Data          12  cmd.o(FSymTab)
    __fsym_list_mempool                      0x0000c4c4   Data          12  cmd.o(FSymTab)
    __fsym_list_timer                        0x0000c4d0   Data          12  cmd.o(FSymTab)
    __fsym_list_device                       0x0000c4dc   Data          12  cmd.o(FSymTab)
    __fsym_list                              0x0000c4e8   Data          12  cmd.o(FSymTab)
    FSymTab$$Limit                           0x0000c4f4   Number         0  cmd.o(FSymTab)
    Region$$Table$$Base                      0x0000c4f4   Number         0  anon$$obj.o(Region$$Table)
    Region$$Table$$Limit                     0x0000c514   Number         0  anon$$obj.o(Region$$Table)
    __stdout                                 0x20000000   Data           4  stdout.o(.data)
    PCDKCONFIG                               0x20000008   Data           1  si523_app.o(.data.PCDKCONFIG)
    ACDConfigRegC_Val                        0x200003b0   Data           1  si523_app.o(.bss.ACDConfigRegC_Val)
    PCD_IRQ_flagA                            0x20000434   Data           1  main.o(.bss.PCD_IRQ_flagA)
    RF_EXTI_Handle                           0x20000438   Data          16  exti.o(.bss.RF_EXTI_Handle)
    RF_GPIO_Handle                           0x20000448   Data          16  exti.o(.bss.RF_GPIO_Handle)
    RTC_Handle                               0x20000458   Data          12  power.o(.bss.RTC_Handle)
    Uart_Debug                               0x20000464   Data           4  hal_uart.o(.bss.Uart_Debug)
    _syscall_table_begin                     0x200004d4   Data           4  shell.o(.bss._syscall_table_begin)
    _syscall_table_end                       0x200004d8   Data           4  shell.o(.bss._syscall_table_end)
    aaa                                      0x20000764   Data           1  si523_app.o(.bss.aaa)
    gu32_APBClock                            0x200007f0   Data           4  system_acm32f4.o(.bss.gu32_APBClock)
    gu32_SystemClock                         0x200007f4   Data           4  system_acm32f4.o(.bss.gu32_SystemClock)
    gu32_SystemCount                         0x200007f8   Data           4  system_acm32f4.o(.bss.gu32_SystemCount)
    rt_assert_hook                           0x20000890   Data           4  kservice.o(.bss.rt_assert_hook)
    rt_current_priority                      0x20000894   Data           1  scheduler.o(.bss.rt_current_priority)
    rt_current_thread                        0x20000898   Data           4  scheduler.o(.bss.rt_current_thread)
    rt_interrupt_from_thread                 0x200008a8   Data           4  cpuport.o(.bss.rt_interrupt_from_thread)
    rt_interrupt_nest                        0x200008b0   Data           1  irq.o(.bss.rt_interrupt_nest)
    rt_interrupt_to_thread                   0x200008b4   Data           4  cpuport.o(.bss.rt_interrupt_to_thread)
    rt_object_put_hook                       0x20000944   Data           4  object.o(.bss.rt_object_put_hook)
    rt_object_take_hook                      0x20000948   Data           4  object.o(.bss.rt_object_take_hook)
    rt_object_trytake_hook                   0x2000094c   Data           4  object.o(.bss.rt_object_trytake_hook)
    rt_thread_priority_table                 0x20000960   Data         256  scheduler.o(.bss.rt_thread_priority_table)
    rt_thread_ready_priority_group           0x20000a60   Data           4  scheduler.o(.bss.rt_thread_ready_priority_group)
    rt_thread_switch_interrupt_flag          0x20000b6c   Data           4  cpuport.o(.bss.rt_thread_switch_interrupt_flag)
    rt_trustzone_current_context             0x20000b84   Data           4  trustzone.o(.bss.rt_trustzone_current_context)
    shell                                    0x20000b88   Data           4  shell.o(.bss.shell)
    Image$$RW_IRAM1$$ZI$$Limit               0x20001720   Number         0  anon$$obj.o ABSOLUTE
    __initial_sp                             0x20001720   Data           0  startup_acm32f4.o(STACK)



==============================================================================

Memory Map of the image

  Image Entry point : 0x000000e5

  Load Region LR_IROM1 (Base: 0x00000000, Size: 0x0000c8c8, Max: 0x00040000, ABSOLUTE, COMPRESSED[0x0000c608])

    Execution Region ER_IROM1 (Exec base: 0x00000000, Load base: 0x00000000, Size: 0x0000c514, Max: 0x00040000, ABSOLUTE)

    Exec Addr    Load Addr    Size         Type   Attr      Idx    E Section Name        Object

    0x00000000   0x00000000   0x000000e4   Data   RO          101    RESET               startup_acm32f4.o
    0x000000e4   0x000000e4   0x00000000   Code   RO         1711  * .ARM.Collect$$$$00000000  mc_w.l(entry.o)
    0x000000e4   0x000000e4   0x00000004   Code   RO         2040    .ARM.Collect$$$$00000001  mc_w.l(entry2.o)
    0x000000e8   0x000000e8   0x00000004   Code   RO         2043    .ARM.Collect$$$$00000004  mc_w.l(entry5.o)
    0x000000ec   0x000000ec   0x00000000   Code   RO         2045    .ARM.Collect$$$$00000008  mc_w.l(entry7b.o)
    0x000000ec   0x000000ec   0x00000000   Code   RO         2047    .ARM.Collect$$$$0000000A  mc_w.l(entry8b.o)
    0x000000ec   0x000000ec   0x00000008   Code   RO         2048    .ARM.Collect$$$$0000000B  mc_w.l(entry9a.o)
    0x000000f4   0x000000f4   0x00000000   Code   RO         2050    .ARM.Collect$$$$0000000D  mc_w.l(entry10a.o)
    0x000000f4   0x000000f4   0x00000000   Code   RO         2052    .ARM.Collect$$$$0000000F  mc_w.l(entry11a.o)
    0x000000f4   0x000000f4   0x00000004   Code   RO         2041    .ARM.Collect$$$$00002712  mc_w.l(entry2.o)
    0x000000f8   0x000000f8   0x00000024   Code   RO          102    .text               startup_acm32f4.o
    0x0000011c   0x0000011c   0x000001a4   Code   RO          448    .text               context_rvds.o
    0x000002c0   0x000002c0   0x00000038   Code   RO          475    .text               syscall_rvds.o
    0x000002f8   0x000002f8   0x00000062   Code   RO         1718    .text               mc_w.l(uldiv.o)
    0x0000035a   0x0000035a   0x00000002   PAD
    0x0000035c   0x0000035c   0x00000008   Code   RO         1720    .text               mc_w.l(ctype_o.o)
    0x00000364   0x00000364   0x0000000c   Code   RO         1748    .text               mc_w.l(toupper.o)
    0x00000370   0x00000370   0x00000024   Code   RO         1755    .text               mc_w.l(memseta.o)
    0x00000394   0x00000394   0x00000018   Code   RO         1757    .text               mc_w.l(strncpy.o)
    0x000003ac   0x000003ac   0x0000000e   Code   RO         1761    .text               mc_w.l(strlen.o)
    0x000003ba   0x000003ba   0x0000001c   Code   RO         1763    .text               mc_w.l(strcmp.o)
    0x000003d6   0x000003d6   0x0000001a   Code   RO         1765    .text               mc_w.l(memcmp.o)
    0x000003f0   0x000003f0   0x00000028   Code   RO         1767    .text               mc_w.l(strncat.o)
    0x00000418   0x00000418   0x0000001e   Code   RO         1771    .text               mc_w.l(strncmp.o)
    0x00000436   0x00000436   0x0000001a   Code   RO         2036    .text               mc_w.l(atoi.o)
    0x00000450   0x00000450   0x0000001e   Code   RO         2066    .text               mc_w.l(llshl.o)
    0x0000046e   0x0000046e   0x00000020   Code   RO         2068    .text               mc_w.l(llushr.o)
    0x0000048e   0x0000048e   0x00000070   Code   RO         2077    .text               mc_w.l(strtol.o)
    0x000004fe   0x000004fe   0x00000002   PAD
    0x00000500   0x00000500   0x00000024   Code   RO         2092    .text               mc_w.l(init.o)
    0x00000524   0x00000524   0x0000009e   Code   RO         2096    .text               mc_w.l(_strtoul.o)
    0x000005c2   0x000005c2   0x0000001c   Code   RO         2098    .text               mc_w.l(_chval.o)
    0x000005de   0x000005de   0x00000056   Code   RO         2108    .text               mc_w.l(__dczerorl2.o)
    0x00000634   0x00000634   0x0000000a   Code   RO         1009    .text.$Sub$$main    components.o
    0x0000063e   0x0000063e   0x00000002   PAD
    0x00000640   0x00000640   0x000000d4   Code   RO         1631    .text.ACD_Fun       si523_app.o
    0x00000714   0x00000714   0x0000000c   Code   RO         1627    .text.ACD_init_Fun  si523_app.o
    0x00000720   0x00000720   0x000001a8   Code   RO         1702    .text.APP_Standby_Test  power.o
    0x000008c8   0x000008c8   0x00000070   Code   RO         1581    .text.CalulateCRC   si523_app.o
    0x00000938   0x00000938   0x000000ce   Code   RO          775    .text.DMA_IRQHandler  drv_uart.o
    0x00000a06   0x00000a06   0x00000002   PAD
    0x00000a08   0x00000a08   0x00000050   Code   RO          811    .text.EXTI_IRQHandler  drv_gpio.o
    0x00000a58   0x00000a58   0x000000d2   Code   RO           71    .text.HAL_DMA_Init  hal_dma.o
    0x00000b2a   0x00000b2a   0x00000002   PAD
    0x00000b2c   0x00000b2c   0x0000008c   Code   RO           85    .text.HAL_DMA_Start_IT  hal_dma.o
    0x00000bb8   0x00000bb8   0x00000002   Code   RO          190    .text.HAL_EFlash_Init  hal_eflash.o
    0x00000bba   0x00000bba   0x00000002   PAD
    0x00000bbc   0x00000bbc   0x00000012   Code   RO           59    .text.HAL_EXTI_ClearAllPending  hal_exti.o
    0x00000bce   0x00000bce   0x00000002   PAD
    0x00000bd0   0x00000bd0   0x00000116   Code   RO           51    .text.HAL_EXTI_SetConfigLine  hal_exti.o
    0x00000ce6   0x00000ce6   0x00000002   PAD
    0x00000ce8   0x00000ce8   0x00000362   Code   RO          172    .text.HAL_GPIO_Init  hal_gpio.o
    0x0000104a   0x0000104a   0x00000002   PAD
    0x0000104c   0x0000104c   0x0000003e   Code   RO          180    .text.HAL_GPIO_ReadPin  hal_gpio.o
    0x0000108a   0x0000108a   0x00000002   PAD
    0x0000108c   0x0000108c   0x00000066   Code   RO          178    .text.HAL_GPIO_WritePin  hal_gpio.o
    0x000010f2   0x000010f2   0x00000002   PAD
    0x000010f4   0x000010f4   0x000000a0   Code   RO         1666    .text.HAL_RTC_Config  hal_rtc.o
    0x00001194   0x00001194   0x00000010   Code   RO         1690    .text.HAL_RTC_Get_StandbyStatus  hal_rtc.o
    0x000011a4   0x000011a4   0x0000000c   Code   RO         1692    .text.HAL_RTC_Get_StandbyWakeupSource  hal_rtc.o
    0x000011b0   0x000011b0   0x000000d2   Code   RO         1688    .text.HAL_RTC_Standby_Wakeup  hal_rtc.o
    0x00001282   0x00001282   0x00000002   PAD
    0x00001284   0x00001284   0x00000158   Code   RO           10    .text.HAL_UART_Init  hal_uart.o
    0x000013dc   0x000013dc   0x000000d8   Code   RO          777    .text.HAL_UART_MspInit  drv_uart.o
    0x000014b4   0x000014b4   0x00000082   Code   RO           26    .text.HAL_UART_Receive_DMA  hal_uart.o
    0x00001536   0x00001536   0x00000002   PAD
    0x00001538   0x00001538   0x0000007c   Code   RO           24    .text.HAL_UART_Transmit_DMA  hal_uart.o
    0x000015b4   0x000015b4   0x0000009e   Code   RO         1549    .text.IIC_Read_Byte  nfc_iic.o
    0x00001652   0x00001652   0x00000002   PAD
    0x00001654   0x00001654   0x0000005e   Code   RO         1547    .text.IIC_Send_Byte  nfc_iic.o
    0x000016b2   0x000016b2   0x00000002   PAD
    0x000016b4   0x000016b4   0x0000009e   Code   RO         1541    .text.IIC_Wait_Ack  nfc_iic.o
    0x00001752   0x00001752   0x00000002   PAD
    0x00001754   0x00001754   0x0000004e   Code   RO         1557    .text.I_SI523_IO_Init  nfc_iic.o
    0x000017a2   0x000017a2   0x00000002   PAD
    0x000017a4   0x000017a4   0x00000008   Code   RO         1561    .text.I_SI523_IO_Read  nfc_iic.o
    0x000017ac   0x000017ac   0x00000008   Code   RO         1559    .text.I_SI523_IO_Write  nfc_iic.o
    0x000017b4   0x000017b4   0x000000e4   Code   RO         1629    .text.PCD_ACD_Init  si523_app.o
    0x00001898   0x00001898   0x0000005c   Code   RO         1633    .text.PCD_IRQ       si523_app.o
    0x000018f4   0x000018f4   0x00000254   Code   RO         1607    .text.PCD_SI523_TypeA_GetUID  si523_app.o
    0x00001b48   0x00001b48   0x00000094   Code   RO         1613    .text.PCD_SI523_TypeA_Init  si523_app.o
    0x00001bdc   0x00001bdc   0x0000008a   Code   RO         1587    .text.PcdAnticoll   si523_app.o
    0x00001c66   0x00001c66   0x00000002   PAD
    0x00001c68   0x00001c68   0x00000144   Code   RO         1583    .text.PcdComMF522   si523_app.o
    0x00001dac   0x00001dac   0x00000060   Code   RO         1585    .text.PcdRequest    si523_app.o
    0x00001e0c   0x00001e0c   0x0000003e   Code   RO         1621    .text.PcdReset      si523_app.o
    0x00001e4a   0x00001e4a   0x00000002   PAD
    0x00001e4c   0x00001e4c   0x00000076   Code   RO         1591    .text.PcdSelect1    si523_app.o
    0x00001ec2   0x00001ec2   0x00000002   PAD
    0x00001ec4   0x00001ec4   0x00000076   Code   RO         1593    .text.PcdSelect2    si523_app.o
    0x00001f3a   0x00001f3a   0x00000002   PAD
    0x00001f3c   0x00001f3c   0x00000076   Code   RO         1595    .text.PcdSelect3    si523_app.o
    0x00001fb2   0x00001fb2   0x00000002   PAD
    0x00001fb4   0x00001fb4   0x00000064   Code   RO         1655    .text.RF_EXTI_Init  exti.o
    0x00002018   0x00002018   0x000000f0   Code   RO         1555    .text.SI523_I2C_LL_ReadRawRC  nfc_iic.o
    0x00002108   0x00002108   0x000000ac   Code   RO         1553    .text.SI523_I2C_LL_WriteRawRC  nfc_iic.o
    0x000021b4   0x000021b4   0x00000010   Code   RO          839    .text.SysTick_Handler  board.o
    0x000021c4   0x000021c4   0x0000026a   Code   RO          113    .text.System_Clock_Init  system_acm32f4.o
    0x0000242e   0x0000242e   0x00000002   PAD
    0x00002430   0x00002430   0x00000018   Code   RO          115    .text.System_Core_Config  system_acm32f4.o
    0x00002448   0x00002448   0x0000001e   Code   RO          129    .text.System_Delay_MS  system_acm32f4.o
    0x00002466   0x00002466   0x00000002   PAD
    0x00002468   0x00002468   0x00000074   Code   RO          147    .text.System_Enter_Standby_Mode  system_acm32f4.o
    0x000024dc   0x000024dc   0x0000000c   Code   RO          119    .text.System_Get_APBClock  system_acm32f4.o
    0x000024e8   0x000024e8   0x0000000c   Code   RO          117    .text.System_Get_SystemClock  system_acm32f4.o
    0x000024f4   0x000024f4   0x0000004a   Code   RO          109    .text.System_Init   system_acm32f4.o
    0x0000253e   0x0000253e   0x00000002   PAD
    0x00002540   0x00002540   0x0000003e   Code   RO          125    .text.System_Module_Enable  system_acm32f4.o
    0x0000257e   0x0000257e   0x00000002   PAD
    0x00002580   0x00002580   0x0000001a   Code   RO          765    .text.UART1_IRQHandler  drv_uart.o
    0x0000259a   0x0000259a   0x00000002   PAD
    0x0000259c   0x0000259c   0x0000001c   Code   RO          769    .text.UART2_IRQHandler  drv_uart.o
    0x000025b8   0x000025b8   0x0000001c   Code   RO          771    .text.UART3_IRQHandler  drv_uart.o
    0x000025d4   0x000025d4   0x0000001c   Code   RO          773    .text.UART4_IRQHandler  drv_uart.o
    0x000025f0   0x000025f0   0x00000038   Code   RO         1283    .text.__rt_ffs      kservice.o
    0x00002628   0x00002628   0x00000076   Code   RO          819    .text._pin_attach_irq  drv_gpio.o
    0x0000269e   0x0000269e   0x00000002   PAD
    0x000026a0   0x000026a0   0x000002d4   Code   RO          713    .text._pin_cmd      pin.o
    0x00002974   0x00002974   0x00000092   Code   RO          721    .text._pin_cmd_conv  pin.o
    0x00002a06   0x00002a06   0x00000002   PAD
    0x00002a08   0x00002a08   0x00000044   Code   RO          719    .text._pin_control  pin.o
    0x00002a4c   0x00002a4c   0x0000004a   Code   RO          821    .text._pin_dettach_irq  drv_gpio.o
    0x00002a96   0x00002a96   0x00000002   PAD
    0x00002a98   0x00002a98   0x00000122   Code   RO          823    .text._pin_irq_enable  drv_gpio.o
    0x00002bba   0x00002bba   0x00000002   PAD
    0x00002bbc   0x00002bbc   0x0000009c   Code   RO          813    .text._pin_mode     drv_gpio.o
    0x00002c58   0x00002c58   0x00000044   Code   RO          715    .text._pin_read     pin.o
    0x00002c9c   0x00002c9c   0x0000003a   Code   RO          817    .text._pin_read     drv_gpio.o
    0x00002cd6   0x00002cd6   0x00000002   PAD
    0x00002cd8   0x00002cd8   0x00000044   Code   RO          717    .text._pin_write    pin.o
    0x00002d1c   0x00002d1c   0x0000003a   Code   RO          815    .text._pin_write    drv_gpio.o
    0x00002d56   0x00002d56   0x00000002   PAD
    0x00002d58   0x00002d58   0x00000038   Code   RO         1472    .text._thread_exit  thread.o
    0x00002d90   0x00002d90   0x000000c8   Code   RO         1442    .text._thread_init  thread.o
    0x00002e58   0x00002e58   0x000000c4   Code   RO         1474    .text._thread_timeout  thread.o
    0x00002f1c   0x00002f1c   0x00000056   Code   RO         1516    .text._timer_thread_entry  timer.o
    0x00002f72   0x00002f72   0x00000002   PAD
    0x00002f74   0x00002f74   0x000000bc   Code   RO          779    .text._uart_configure  drv_uart.o
    0x00003030   0x00003030   0x000001b8   Code   RO          781    .text._uart_control  drv_uart.o
    0x000031e8   0x000031e8   0x00000064   Code   RO          787    .text._uart_dma_transmit  drv_uart.o
    0x0000324c   0x0000324c   0x00000038   Code   RO          785    .text._uart_getc    drv_uart.o
    0x00003284   0x00003284   0x0000003c   Code   RO          783    .text._uart_putc    drv_uart.o
    0x000032c0   0x000032c0   0x00000014   Code   RO          928    .text.clear         cmd.o
    0x000032d4   0x000032d4   0x00000080   Code   RO          895    .text.cmd_free      msh.o
    0x00003354   0x00003354   0x000001ec   Code   RO          950    .text.cmd_list      cmd.o
    0x00003540   0x00003540   0x0000000a   Code   RO          893    .text.cmd_ps        msh.o
    0x0000354a   0x0000354a   0x00000002   PAD
    0x0000354c   0x0000354c   0x00000008   Code   RO          216    .text.delay_ms      delay.o
    0x00003554   0x00003554   0x00000002   Code   RO          214    .text.delay_us      delay.o
    0x00003556   0x00003556   0x00000002   PAD
    0x00003558   0x00003558   0x00000094   Code   RO          858    .text.finsh_getchar  shell.o
    0x000035ec   0x000035ec   0x00000038   Code   RO          862    .text.finsh_rx_ind  shell.o
    0x00003624   0x00003624   0x000000c0   Code   RO          860    .text.finsh_set_device  shell.o
    0x000036e4   0x000036e4   0x000000d8   Code   RO          874    .text.finsh_system_init  shell.o
    0x000037bc   0x000037bc   0x000005d8   Code   RO          870    .text.finsh_thread_entry  shell.o
    0x00003d94   0x00003d94   0x00000014   Code   RO          266    .text.fputc         syscalls.o
    0x00003da8   0x00003da8   0x00000154   Code   RO          948    .text.list_device   cmd.o
    0x00003efc   0x00003efc   0x000001c4   Code   RO          936    .text.list_event    cmd.o
    0x000040c0   0x000040c0   0x000001dc   Code   RO          940    .text.list_mailbox  cmd.o
    0x0000429c   0x0000429c   0x000001e8   Code   RO          944    .text.list_mempool  cmd.o
    0x00004484   0x00004484   0x000001c0   Code   RO          942    .text.list_msgqueue  cmd.o
    0x00004644   0x00004644   0x00000148   Code   RO          938    .text.list_mutex    cmd.o
    0x0000478c   0x0000478c   0x000001bc   Code   RO          934    .text.list_sem      cmd.o
    0x00004948   0x00004948   0x000001d4   Code   RO          932    .text.list_thread   cmd.o
    0x00004b1c   0x00004b1c   0x000001b4   Code   RO          946    .text.list_timer    cmd.o
    0x00004cd0   0x00004cd0   0x00000040   Code   RO          204    .text.main          main.o
    0x00004d10   0x00004d10   0x00000030   Code   RO         1013    .text.main_thread_entry  components.o
    0x00004d40   0x00004d40   0x00000110   Code   RO          899    .text.msh_auto_complete  msh.o
    0x00004e50   0x00004e50   0x0000021c   Code   RO          897    .text.msh_exec      msh.o
    0x0000506c   0x0000506c   0x0000005a   Code   RO          891    .text.msh_help      msh.o
    0x000050c6   0x000050c6   0x00000002   PAD
    0x000050c8   0x000050c8   0x0000003c   Code   RO          914    .text.msh_isint     msh_parse.o
    0x00005104   0x00005104   0x000000dc   Code   RO         1315    .text.plug_holes    mem.o
    0x000051e0   0x000051e0   0x000001cc   Code   RO         1247    .text.print_number  kservice.o
    0x000053ac   0x000053ac   0x00000040   Code   RO         1269    .text.rt_assert_handler  kservice.o
    0x000053ec   0x000053ec   0x0000001e   Code   RO         1273    .text.rt_calloc     kservice.o
    0x0000540a   0x0000540a   0x00000002   PAD
    0x0000540c   0x0000540c   0x00000060   Code   RO          516    .text.rt_completion_done  completion.o
    0x0000546c   0x0000546c   0x00000040   Code   RO          512    .text.rt_completion_init  completion.o
    0x000054ac   0x000054ac   0x000001c4   Code   RO          514    .text.rt_completion_wait  completion.o
    0x00005670   0x00005670   0x0000002c   Code   RO         1005    .text.rt_components_board_init  components.o
    0x0000569c   0x0000569c   0x0000000c   Code   RO         1255    .text.rt_console_get_device  kservice.o
    0x000056a8   0x000056a8   0x00000034   Code   RO         1257    .text.rt_console_set_device  kservice.o
    0x000056dc   0x000056dc   0x0000000c   Code   RO         1416    .text.rt_critical_level  scheduler.o
    0x000056e8   0x000056e8   0x00000060   Code   RO          539    .text.rt_data_queue_deinit  dataqueue.o
    0x00005748   0x00005748   0x00000088   Code   RO          527    .text.rt_data_queue_init  dataqueue.o
    0x000057d0   0x000057d0   0x00000080   Code   RO          535    .text.rt_data_queue_peek  dataqueue.o
    0x00005850   0x00005850   0x00000318   Code   RO          531    .text.rt_data_queue_pop  dataqueue.o
    0x00005b68   0x00005b68   0x00000210   Code   RO          529    .text.rt_data_queue_push  dataqueue.o
    0x00005d78   0x00005d78   0x000000be   Code   RO          537    .text.rt_data_queue_reset  dataqueue.o
    0x00005e36   0x00005e36   0x00000002   PAD
    0x00005e38   0x00005e38   0x00000074   Code   RO         1044    .text.rt_device_close  device.o
    0x00005eac   0x00005eac   0x0000000a   Code   RO         1032    .text.rt_device_find  device.o
    0x00005eb6   0x00005eb6   0x00000002   PAD
    0x00005eb8   0x00005eb8   0x000000e0   Code   RO         1042    .text.rt_device_open  device.o
    0x00005f98   0x00005f98   0x00000030   Code   RO          697    .text.rt_device_pin_register  pin.o
    0x00005fc8   0x00005fc8   0x00000074   Code   RO         1046    .text.rt_device_read  device.o
    0x0000603c   0x0000603c   0x0000002e   Code   RO         1030    .text.rt_device_register  device.o
    0x0000606a   0x0000606a   0x00000002   PAD
    0x0000606c   0x0000606c   0x00000048   Code   RO         1052    .text.rt_device_set_rx_indicate  device.o
    0x000060b4   0x000060b4   0x00000074   Code   RO         1048    .text.rt_device_write  device.o
    0x00006128   0x00006128   0x0000001a   Code   RO         1412    .text.rt_enter_critical  scheduler.o
    0x00006142   0x00006142   0x00000002   PAD
    0x00006144   0x00006144   0x0000003e   Code   RO         1414    .text.rt_exit_critical  scheduler.o
    0x00006182   0x00006182   0x00000002   PAD
    0x00006184   0x00006184   0x000000ae   Code   RO         1275    .text.rt_free       kservice.o
    0x00006232   0x00006232   0x00000002   PAD
    0x00006234   0x00006234   0x0000006c   Code   RO          841    .text.rt_hw_board_init  board.o
    0x000062a0   0x000062a0   0x00000002   Code   RO         1259    .text.rt_hw_console_output  kservice.o
    0x000062a2   0x000062a2   0x00000002   PAD
    0x000062a4   0x000062a4   0x000003c4   Code   RO          457    .text.rt_hw_hard_fault_exception  cpuport.o
    0x00006668   0x00006668   0x00000018   Code   RO          809    .text.rt_hw_pin_init  drv_gpio.o
    0x00006680   0x00006680   0x00000344   Code   RO          738    .text.rt_hw_serial_isr  serial.o
    0x000069c4   0x000069c4   0x0000005c   Code   RO          736    .text.rt_hw_serial_register  serial.o
    0x00006a20   0x00006a20   0x00000050   Code   RO          453    .text.rt_hw_stack_init  cpuport.o
    0x00006a70   0x00006a70   0x000000fc   Code   RO          763    .text.rt_hw_uart_init  drv_uart.o
    0x00006b6c   0x00006b6c   0x0000002e   Code   RO         1186    .text.rt_interrupt_enter  irq.o
    0x00006b9a   0x00006b9a   0x00000002   PAD
    0x00006b9c   0x00006b9c   0x00000018   Code   RO         1190    .text.rt_interrupt_get_nest  irq.o
    0x00006bb4   0x00006bb4   0x0000002e   Code   RO         1188    .text.rt_interrupt_leave  irq.o
    0x00006be2   0x00006be2   0x00000002   PAD
    0x00006be4   0x00006be4   0x00000060   Code   RO         1205    .text.rt_kprintf    kservice.o
    0x00006c44   0x00006c44   0x000000ba   Code   RO         1241    .text.rt_malloc     kservice.o
    0x00006cfe   0x00006cfe   0x00000002   PAD
    0x00006d00   0x00006d00   0x0000007c   Code   RO         1217    .text.rt_memcpy     kservice.o
    0x00006d7c   0x00006d7c   0x0000003a   Code   RO         1219    .text.rt_memmove    kservice.o
    0x00006db6   0x00006db6   0x00000002   PAD
    0x00006db8   0x00006db8   0x000000ae   Code   RO         1277    .text.rt_memory_info  kservice.o
    0x00006e66   0x00006e66   0x00000002   PAD
    0x00006e68   0x00006e68   0x0000005e   Code   RO         1215    .text.rt_memset     kservice.o
    0x00006ec6   0x00006ec6   0x00000002   PAD
    0x00006ec8   0x00006ec8   0x00000050   Code   RO         1107    .text.rt_mutex_init  ipc.o
    0x00006f18   0x00006f18   0x00000178   Code   RO         1119    .text.rt_mutex_release  ipc.o
    0x00007090   0x00007090   0x00000240   Code   RO         1115    .text.rt_mutex_take  ipc.o
    0x000072d0   0x000072d0   0x000000d6   Code   RO         1373    .text.rt_object_allocate  object.o
    0x000073a6   0x000073a6   0x00000002   PAD
    0x000073a8   0x000073a8   0x000000a0   Code   RO         1375    .text.rt_object_delete  object.o
    0x00007448   0x00007448   0x0000005c   Code   RO         1371    .text.rt_object_detach  object.o
    0x000074a4   0x000074a4   0x00000096   Code   RO         1381    .text.rt_object_find  object.o
    0x0000753a   0x0000753a   0x00000002   PAD
    0x0000753c   0x0000753c   0x00000022   Code   RO         1363    .text.rt_object_get_information  object.o
    0x0000755e   0x0000755e   0x00000002   PAD
    0x00007560   0x00007560   0x00000034   Code   RO         1379    .text.rt_object_get_type  object.o
    0x00007594   0x00007594   0x000000c8   Code   RO         1369    .text.rt_object_init  object.o
    0x0000765c   0x0000765c   0x0000003c   Code   RO         1377    .text.rt_object_is_systemobject  object.o
    0x00007698   0x00007698   0x000002f0   Code   RO         1408    .text.rt_schedule   scheduler.o
    0x00007988   0x00007988   0x00000086   Code   RO         1410    .text.rt_schedule_insert_thread  scheduler.o
    0x00007a0e   0x00007a0e   0x00000002   PAD
    0x00007a10   0x00007a10   0x0000006a   Code   RO         1406    .text.rt_schedule_remove_thread  scheduler.o
    0x00007a7a   0x00007a7a   0x00000002   PAD
    0x00007a7c   0x00007a7c   0x00000044   Code   RO          500    .text.rt_secure_svc_handle  trustzone.o
    0x00007ac0   0x00007ac0   0x00000088   Code   RO         1091    .text.rt_sem_init   ipc.o
    0x00007b48   0x00007b48   0x0000009c   Code   RO         1103    .text.rt_sem_release  ipc.o
    0x00007be4   0x00007be4   0x000001f0   Code   RO         1099    .text.rt_sem_take   ipc.o
    0x00007dd4   0x00007dd4   0x0000018a   Code   RO          744    .text.rt_serial_close  serial.o
    0x00007f5e   0x00007f5e   0x00000002   PAD
    0x00007f60   0x00007f60   0x000000b8   Code   RO          750    .text.rt_serial_control  serial.o
    0x00008018   0x00008018   0x00000044   Code   RO          740    .text.rt_serial_init  serial.o
    0x0000805c   0x0000805c   0x0000026c   Code   RO          742    .text.rt_serial_open  serial.o
    0x000082c8   0x000082c8   0x00000408   Code   RO          746    .text.rt_serial_read  serial.o
    0x000086d0   0x000086d0   0x00000178   Code   RO          748    .text.rt_serial_write  serial.o
    0x00008848   0x00008848   0x00000022   Code   RO         1211    .text.rt_set_errno  kservice.o
    0x0000886a   0x0000886a   0x00000002   PAD
    0x0000886c   0x0000886c   0x000000c4   Code   RO         1243    .text.rt_show_version  kservice.o
    0x00008930   0x00008930   0x000001f0   Code   RO         1309    .text.rt_smem_alloc  mem.o
    0x00008b20   0x00008b20   0x0000016c   Code   RO         1313    .text.rt_smem_free  mem.o
    0x00008c8c   0x00008c8c   0x000000d0   Code   RO         1305    .text.rt_smem_init  mem.o
    0x00008d5c   0x00008d5c   0x0000010e   Code   RO         1510    .text.rt_soft_timer_check  timer.o
    0x00008e6a   0x00008e6a   0x00000002   PAD
    0x00008e6c   0x00008e6c   0x00000024   Code   RO         1253    .text.rt_sprintf    kservice.o
    0x00008e90   0x00008e90   0x0000001e   Code   RO         1235    .text.rt_strcmp     kservice.o
    0x00008eae   0x00008eae   0x00000002   PAD
    0x00008eb0   0x00008eb0   0x0000004c   Code   RO         1207    .text.rt_strerror   kservice.o
    0x00008efc   0x00008efc   0x00000010   Code   RO         1225    .text.rt_strlen     kservice.o
    0x00008f0c   0x00008f0c   0x00000032   Code   RO         1233    .text.rt_strncmp    kservice.o
    0x00008f3e   0x00008f3e   0x00000002   PAD
    0x00008f40   0x00008f40   0x00000032   Code   RO         1229    .text.rt_strncpy    kservice.o
    0x00008f72   0x00008f72   0x00000002   PAD
    0x00008f74   0x00008f74   0x00000098   Code   RO         1267    .text.rt_system_heap_init  kservice.o
    0x0000900c   0x0000900c   0x00000030   Code   RO         1402    .text.rt_system_scheduler_init  scheduler.o
    0x0000903c   0x0000903c   0x0000006e   Code   RO         1404    .text.rt_system_scheduler_start  scheduler.o
    0x000090aa   0x000090aa   0x00000002   PAD
    0x000090ac   0x000090ac   0x0000000e   Code   RO         1512    .text.rt_system_timer_init  timer.o
    0x000090ba   0x000090ba   0x00000002   PAD
    0x000090bc   0x000090bc   0x00000058   Code   RO         1514    .text.rt_system_timer_thread_init  timer.o
    0x00009114   0x00009114   0x000000be   Code   RO         1468    .text.rt_thread_control  thread.o
    0x000091d2   0x000091d2   0x00000002   PAD
    0x000091d4   0x000091d4   0x0000004a   Code   RO         1452    .text.rt_thread_create  thread.o
    0x0000921e   0x0000921e   0x00000002   PAD
    0x00009220   0x00009220   0x00000016   Code   RO         1069    .text.rt_thread_defunct_enqueue  idle.o
    0x00009236   0x00009236   0x00000002   PAD
    0x00009238   0x00009238   0x00000008   Code   RO         1462    .text.rt_thread_delay  thread.o
    0x00009240   0x00009240   0x000000d4   Code   RO         1454    .text.rt_thread_delete  thread.o
    0x00009314   0x00009314   0x000000c8   Code   RO         1450    .text.rt_thread_detach  thread.o
    0x000093dc   0x000093dc   0x00000080   Code   RO         1075    .text.rt_thread_idle_entry  idle.o
    0x0000945c   0x0000945c   0x00000058   Code   RO         1073    .text.rt_thread_idle_init  idle.o
    0x000094b4   0x000094b4   0x0000008c   Code   RO         1440    .text.rt_thread_init  thread.o
    0x00009540   0x00009540   0x0000000c   Code   RO         1466    .text.rt_thread_mdelay  thread.o
    0x0000954c   0x0000954c   0x00000098   Code   RO         1448    .text.rt_thread_resume  thread.o
    0x000095e4   0x000095e4   0x0000000c   Code   RO         1444    .text.rt_thread_self  thread.o
    0x000095f0   0x000095f0   0x00000088   Code   RO         1458    .text.rt_thread_sleep  thread.o
    0x00009678   0x00009678   0x000000c0   Code   RO         1446    .text.rt_thread_startup  thread.o
    0x00009738   0x00009738   0x000000d0   Code   RO         1460    .text.rt_thread_suspend  thread.o
    0x00009808   0x00009808   0x0000003e   Code   RO          983    .text.rt_tick_from_millisecond  clock.o
    0x00009846   0x00009846   0x00000002   PAD
    0x00009848   0x00009848   0x0000000c   Code   RO          977    .text.rt_tick_get   clock.o
    0x00009854   0x00009854   0x0000005e   Code   RO          981    .text.rt_tick_increase  clock.o
    0x000098b2   0x000098b2   0x00000002   PAD
    0x000098b4   0x000098b4   0x000000f4   Code   RO         1506    .text.rt_timer_check  timer.o
    0x000099a8   0x000099a8   0x000000dc   Code   RO         1504    .text.rt_timer_control  timer.o
    0x00009a84   0x00009a84   0x000000b4   Code   RO         1494    .text.rt_timer_detach  timer.o
    0x00009b38   0x00009b38   0x00000092   Code   RO         1492    .text.rt_timer_init  timer.o
    0x00009bca   0x00009bca   0x00000002   PAD
    0x00009bcc   0x00009bcc   0x00000134   Code   RO         1500    .text.rt_timer_start  timer.o
    0x00009d00   0x00009d00   0x00000086   Code   RO         1502    .text.rt_timer_stop  timer.o
    0x00009d86   0x00009d86   0x00000002   PAD
    0x00009d88   0x00009d88   0x00000002   Code   RO          498    .text.rt_trustzone_context_load  trustzone.o
    0x00009d8a   0x00009d8a   0x00000002   PAD
    0x00009d8c   0x00009d8c   0x00000002   Code   RO          496    .text.rt_trustzone_context_store  trustzone.o
    0x00009d8e   0x00009d8e   0x00000002   PAD
    0x00009d90   0x00009d90   0x00000318   Code   RO         1245    .text.rt_vsnprintf  kservice.o
    0x0000a0a8   0x0000a0a8   0x00000004   Code   RO         1001    .text.rti_board_end  components.o
    0x0000a0ac   0x0000a0ac   0x00000004   Code   RO          999    .text.rti_board_start  components.o
    0x0000a0b0   0x0000a0b0   0x00000004   Code   RO         1003    .text.rti_end       components.o
    0x0000a0b4   0x0000a0b4   0x00000004   Code   RO          997    .text.rti_start     components.o
    0x0000a0b8   0x0000a0b8   0x0000006c   Code   RO         1011    .text.rtthread_startup  components.o
    0x0000a124   0x0000a124   0x000000e0   Code   RO          767    .text.uart_isr      drv_uart.o
    0x0000a204   0x0000a204   0x00000004   Code   RO          789    .text.uart_rx_indicate_cb  drv_uart.o
    0x0000a208   0x0000a208   0x0000000a   Code   RO          930    .text.version       cmd.o
    0x0000a212   0x0000a212   0x00000002   PAD
    0x0000a214   0x0000a214   0x00000020   Code   RO         1982    i.__0printf$8       mc_w.l(printf8.o)
    0x0000a234   0x0000a234   0x00000008   Code   RO         2070    i.__aeabi_errno_addr  mc_w.l(errno.o)
    0x0000a23c   0x0000a23c   0x0000000e   Code   RO         2102    i.__scatterload_copy  mc_w.l(handlers.o)
    0x0000a24a   0x0000a24a   0x00000002   Code   RO         2103    i.__scatterload_null  mc_w.l(handlers.o)
    0x0000a24c   0x0000a24c   0x0000000e   Code   RO         2104    i.__scatterload_zeroinit  mc_w.l(handlers.o)
    0x0000a25a   0x0000a25a   0x00000002   PAD
    0x0000a25c   0x0000a25c   0x00000410   Code   RO         1989    i._printf_core      mc_w.l(printf8.o)
    0x0000a66c   0x0000a66c   0x00000024   Code   RO         1990    i._printf_post_padding  mc_w.l(printf8.o)
    0x0000a690   0x0000a690   0x0000002e   Code   RO         1991    i._printf_pre_padding  mc_w.l(printf8.o)
    0x0000a6be   0x0000a6be   0x00000002   PAD
    0x0000a6c0   0x0000a6c0   0x00000024   Code   RO         1714    i.puts              mc_w.l(puts.o)
    0x0000a6e4   0x0000a6e4   0x00000081   Data   RO         1721    .constdata          mc_w.l(ctype_o.o)
    0x0000a765   0x0000a765   0x00000003   PAD
    0x0000a768   0x0000a768   0x00000004   Data   RO         1722    .constdata          mc_w.l(ctype_o.o)
    0x0000a76c   0x0000a76c   0x00000100   Data   RO         1294    .rodata.__lowest_bit_bitmap  kservice.o
    0x0000a86c   0x0000a86c   0x0000001c   Data   RO          825    .rodata._acm32_pin_ops  drv_gpio.o
    0x0000a888   0x0000a888   0x00000014   Data   RO          793    .rodata.acm32_uart_ops  drv_uart.o
    0x0000a89c   0x0000a89c   0x00000078   Data   RO          964    .rodata.device_type_str  cmd.o
    0x0000a914   0x0000a914   0x00000011   Data   RO          726    .rodata.name        pin.o
    0x0000a925   0x0000a925   0x00000064   Data   RO          902    .rodata.name        msh.o
    0x0000a989   0x0000a989   0x00000191   Data   RO          952    .rodata.name        cmd.o
    0x0000ab1a   0x0000ab1a   0x00000002   PAD
    0x0000ab1c   0x0000ab1c   0x00000018   Data   RO          724    .rodata.pin_ops     pin.o
    0x0000ab34   0x0000ab34   0x000003fc   Data   RO          828    .rodata.pins        drv_gpio.o
    0x0000af30   0x0000af30   0x00000018   Data   RO          753    .rodata.serial_ops  serial.o
    0x0000af48   0x0000af48   0x00000003   Data   RO          273    .rodata.str1.1      syscalls.o
    0x0000af4b   0x0000af4b   0x000001bb   Data   RO          464    .rodata.str1.1      cpuport.o
    0x0000b106   0x0000b106   0x0000007f   Data   RO          518    .rodata.str1.1      completion.o
    0x0000b185   0x0000b185   0x00000118   Data   RO          541    .rodata.str1.1      dataqueue.o
    0x0000b29d   0x0000b29d   0x00000230   Data   RO          725    .rodata.str1.1      pin.o
    0x0000b4cd   0x0000b4cd   0x0000017f   Data   RO          752    .rodata.str1.1      serial.o
    0x0000b64c   0x0000b64c   0x0000003a   Data   RO          800    .rodata.str1.1      drv_uart.o
    0x0000b686   0x0000b686   0x00000034   Data   RO          881    .rodata.str1.1      shell.o
    0x0000b6ba   0x0000b6ba   0x00000027   Data   RO          901    .rodata.str1.1      msh.o
    0x0000b6e1   0x0000b6e1   0x00000312   Data   RO          955    .rodata.str1.1      cmd.o
    0x0000b9f3   0x0000b9f3   0x00000028   Data   RO         1021    .rodata.str1.1      components.o
    0x0000ba1b   0x0000ba1b   0x000000c9   Data   RO         1056    .rodata.str1.1      device.o
    0x0000bae4   0x0000bae4   0x0000014a   Data   RO         1173    .rodata.str1.1      ipc.o
    0x0000bc2e   0x0000bc2e   0x000000e2   Data   RO         1287    .rodata.str1.1      kservice.o
    0x0000bd10   0x0000bd10   0x0000028c   Data   RO         1317    .rodata.str1.1      mem.o
    0x0000bf9c   0x0000bf9c   0x0000006b   Data   RO         1389    .rodata.str1.1      object.o
    0x0000c007   0x0000c007   0x00000046   Data   RO         1425    .rodata.str1.1      scheduler.o
    0x0000c04d   0x0000c04d   0x000000da   Data   RO         1479    .rodata.str1.1      thread.o
    0x0000c127   0x0000c127   0x000000c3   Data   RO         1520    .rodata.str1.1      timer.o
    0x0000c1ea   0x0000c1ea   0x0000012d   Data   RO         1640    .rodata.str1.1      si523_app.o
    0x0000c317   0x0000c317   0x00000103   Data   RO         1705    .rodata.str1.1      power.o
    0x0000c41a   0x0000c41a   0x00000002   PAD
    0x0000c41c   0x0000c41c   0x00000004   Data   RO         1017    .rti_fn.0           components.o
    0x0000c420   0x0000c420   0x00000004   Data   RO         1018    .rti_fn.0.end       components.o
    0x0000c424   0x0000c424   0x00000004   Data   RO          826    .rti_fn.1           drv_gpio.o
    0x0000c428   0x0000c428   0x00000004   Data   RO         1019    .rti_fn.1.end       components.o
    0x0000c42c   0x0000c42c   0x00000004   Data   RO          882    .rti_fn.6           shell.o
    0x0000c430   0x0000c430   0x00000004   Data   RO         1020    .rti_fn.6.end       components.o
    0x0000c434   0x0000c434   0x0000000c   Data   RO          727    FSymTab             pin.o
    0x0000c440   0x0000c440   0x0000000c   Data   RO          903    FSymTab             msh.o
    0x0000c44c   0x0000c44c   0x0000000c   Data   RO          904    FSymTab             msh.o
    0x0000c458   0x0000c458   0x0000000c   Data   RO          905    FSymTab             msh.o
    0x0000c464   0x0000c464   0x0000000c   Data   RO          953    FSymTab             cmd.o
    0x0000c470   0x0000c470   0x0000000c   Data   RO          954    FSymTab             cmd.o
    0x0000c47c   0x0000c47c   0x0000000c   Data   RO          956    FSymTab             cmd.o
    0x0000c488   0x0000c488   0x0000000c   Data   RO          957    FSymTab             cmd.o
    0x0000c494   0x0000c494   0x0000000c   Data   RO          958    FSymTab             cmd.o
    0x0000c4a0   0x0000c4a0   0x0000000c   Data   RO          959    FSymTab             cmd.o
    0x0000c4ac   0x0000c4ac   0x0000000c   Data   RO          960    FSymTab             cmd.o
    0x0000c4b8   0x0000c4b8   0x0000000c   Data   RO          961    FSymTab             cmd.o
    0x0000c4c4   0x0000c4c4   0x0000000c   Data   RO          962    FSymTab             cmd.o
    0x0000c4d0   0x0000c4d0   0x0000000c   Data   RO          963    FSymTab             cmd.o
    0x0000c4dc   0x0000c4dc   0x0000000c   Data   RO          965    FSymTab             cmd.o
    0x0000c4e8   0x0000c4e8   0x0000000c   Data   RO          966    FSymTab             cmd.o
    0x0000c4f4   0x0000c4f4   0x00000020   Data   RO         2101    Region$$Table       anon$$obj.o


    Execution Region RW_IRAM1 (Exec base: 0x20000000, Load base: 0x0000c518, Size: 0x00001720, Max: 0x00018000, ABSOLUTE, COMPRESSED[0x000000f0])

    Exec Addr    Load Addr    Size         Type   Attr      Idx    E Section Name        Object

    0x20000000   COMPRESSED   0x00000004   Data   RW         2054    .data               mc_w.l(stdout.o)
    0x20000004   COMPRESSED   0x00000004   Data   RW         2073    .data               mc_w.l(errno.o)
    0x20000008   COMPRESSED   0x00000001   Data   RW         1638    .data.PCDKCONFIG    si523_app.o
    0x20000009   COMPRESSED   0x00000003   PAD
    0x2000000c   COMPRESSED   0x000000a0   Data   RW         1388    .data._object_container  object.o
    0x200000ac   COMPRESSED   0x00000008   Data   RW         1080    .data._rt_thread_defunct  idle.o
    0x200000b4   COMPRESSED   0x000000c0   Data   RW          829    .data.pin_irq_hdr_tab  drv_gpio.o
    0x20000174   COMPRESSED   0x00000140   Data   RW          827    .data.pin_irq_map   drv_gpio.o
    0x200002b4   COMPRESSED   0x00000080   Data   RW          791    .data.uart_config   drv_uart.o
    0x20000334   COMPRESSED   0x00000014   Data   RW          794    .data.uart_get_dma_config.uart2_rx_dma_conf  drv_uart.o
    0x20000348   COMPRESSED   0x00000014   Data   RW          795    .data.uart_get_dma_config.uart2_tx_dma_conf  drv_uart.o
    0x2000035c   COMPRESSED   0x00000014   Data   RW          796    .data.uart_get_dma_config.uart3_rx_dma_conf  drv_uart.o
    0x20000370   COMPRESSED   0x00000014   Data   RW          797    .data.uart_get_dma_config.uart3_tx_dma_conf  drv_uart.o
    0x20000384   COMPRESSED   0x00000014   Data   RW          798    .data.uart_get_dma_config.uart4_rx_dma_conf  drv_uart.o
    0x20000398   COMPRESSED   0x00000014   Data   RW          799    .data.uart_get_dma_config.uart4_tx_dma_conf  drv_uart.o
    0x200003ac   COMPRESSED   0x00000004   PAD
    0x200003b0        -       0x00000001   Zero   RW         1644    .bss.ACDConfigRegC_Val  si523_app.o
    0x200003b1   COMPRESSED   0x00000003   PAD
    0x200003b4        -       0x00000080   Zero   RW           91    .bss.Cycle_Channel  hal_dma.o
    0x20000434        -       0x00000001   Zero   RW          206    .bss.PCD_IRQ_flagA  main.o
    0x20000435   COMPRESSED   0x00000003   PAD
    0x20000438        -       0x00000010   Zero   RW         1657    .bss.RF_EXTI_Handle  exti.o
    0x20000448        -       0x00000010   Zero   RW         1658    .bss.RF_GPIO_Handle  exti.o
    0x20000458        -       0x0000000c   Zero   RW         1704    .bss.RTC_Handle     power.o
    0x20000464        -       0x00000004   Zero   RW           40    .bss.Uart_Debug     hal_uart.o
    0x20000468        -       0x00000004   Zero   RW         1288    .bss.__rt_errno     kservice.o
    0x2000046c        -       0x00000004   Zero   RW         1289    .bss._console_device  kservice.o
    0x20000470        -       0x00000030   Zero   RW          723    .bss._hw_pin        pin.o
    0x200004a0        -       0x00000024   Zero   RW         1296    .bss._lock          kservice.o
    0x200004c4        -       0x00000001   Zero   RW          754    .bss._serial_check_buffer_size.already_output  serial.o
    0x200004c5   COMPRESSED   0x00000003   PAD
    0x200004c8        -       0x00000008   Zero   RW         1522    .bss._soft_timer_list  timer.o
    0x200004d0        -       0x00000001   Zero   RW         1524    .bss._soft_timer_status  timer.o
    0x200004d1   COMPRESSED   0x00000003   PAD
    0x200004d4        -       0x00000004   Zero   RW          876    .bss._syscall_table_begin  shell.o
    0x200004d8        -       0x00000004   Zero   RW          877    .bss._syscall_table_end  shell.o
    0x200004dc        -       0x00000008   Zero   RW         1523    .bss._timer_list    timer.o
    0x200004e4        -       0x00000080   Zero   RW         1525    .bss._timer_thread  timer.o
    0x20000564        -       0x00000200   Zero   RW         1526    .bss._timer_thread_stack  timer.o
    0x20000764        -       0x00000001   Zero   RW         1639    .bss.aaa            si523_app.o
    0x20000765   COMPRESSED   0x00000003   PAD
    0x20000768        -       0x00000081   Zero   RW          879    .bss.finsh_get_prompt.finsh_prompt  shell.o
    0x200007e9   COMPRESSED   0x00000003   PAD
    0x200007ec        -       0x00000004   Zero   RW          878    .bss.finsh_prompt_custom  shell.o
    0x200007f0        -       0x00000004   Zero   RW          160    .bss.gu32_APBClock  system_acm32f4.o
    0x200007f4        -       0x00000004   Zero   RW          159    .bss.gu32_SystemClock  system_acm32f4.o
    0x200007f8        -       0x00000004   Zero   RW          161    .bss.gu32_SystemCount  system_acm32f4.o
    0x200007fc        -       0x00000080   Zero   RW         1081    .bss.idle           idle.o
    0x2000087c        -       0x00000010   Zero   RW         1079    .bss.idle_hook_list  idle.o
    0x2000088c        -       0x00000004   Zero   RW          830    .bss.pin_irq_enable_mask  drv_gpio.o
    0x20000890        -       0x00000004   Zero   RW         1295    .bss.rt_assert_hook  kservice.o
    0x20000894        -       0x00000001   Zero   RW         1424    .bss.rt_current_priority  scheduler.o
    0x20000895   COMPRESSED   0x00000003   PAD
    0x20000898        -       0x00000004   Zero   RW         1418    .bss.rt_current_thread  scheduler.o
    0x2000089c        -       0x00000004   Zero   RW          463    .bss.rt_exception_hook  cpuport.o
    0x200008a0        -       0x00000004   Zero   RW         1292    .bss.rt_free_hook   kservice.o
    0x200008a4        -       0x00000004   Zero   RW         1192    .bss.rt_interrupt_enter_hook  irq.o
    0x200008a8        -       0x00000004   Zero   RW          465    .bss.rt_interrupt_from_thread  cpuport.o
    0x200008ac        -       0x00000004   Zero   RW         1193    .bss.rt_interrupt_leave_hook  irq.o
    0x200008b0        -       0x00000001   Zero   RW         1194    .bss.rt_interrupt_nest  irq.o
    0x200008b1   COMPRESSED   0x00000003   PAD
    0x200008b4        -       0x00000004   Zero   RW          466    .bss.rt_interrupt_to_thread  cpuport.o
    0x200008b8        -       0x00000080   Zero   RW         1290    .bss.rt_kprintf.rt_log_buf  kservice.o
    0x20000938        -       0x00000004   Zero   RW         1291    .bss.rt_malloc_hook  kservice.o
    0x2000093c        -       0x00000004   Zero   RW         1383    .bss.rt_object_attach_hook  object.o
    0x20000940        -       0x00000004   Zero   RW         1384    .bss.rt_object_detach_hook  object.o
    0x20000944        -       0x00000004   Zero   RW         1387    .bss.rt_object_put_hook  object.o
    0x20000948        -       0x00000004   Zero   RW         1386    .bss.rt_object_take_hook  object.o
    0x2000094c        -       0x00000004   Zero   RW         1385    .bss.rt_object_trytake_hook  object.o
    0x20000950        -       0x00000004   Zero   RW         1419    .bss.rt_scheduler_hook  scheduler.o
    0x20000954        -       0x00000002   Zero   RW         1421    .bss.rt_scheduler_lock_nest  scheduler.o
    0x20000956   COMPRESSED   0x00000002   PAD
    0x20000958        -       0x00000004   Zero   RW         1420    .bss.rt_scheduler_switch_hook  scheduler.o
    0x2000095c        -       0x00000004   Zero   RW         1478    .bss.rt_thread_inited_hook  thread.o
    0x20000960        -       0x00000100   Zero   RW         1422    .bss.rt_thread_priority_table  scheduler.o
    0x20000a60        -       0x00000004   Zero   RW         1423    .bss.rt_thread_ready_priority_group  scheduler.o
    0x20000a64        -       0x00000004   Zero   RW         1477    .bss.rt_thread_resume_hook  thread.o
    0x20000a68        -       0x00000100   Zero   RW         1082    .bss.rt_thread_stack  idle.o
    0x20000b68        -       0x00000004   Zero   RW         1476    .bss.rt_thread_suspend_hook  thread.o
    0x20000b6c        -       0x00000004   Zero   RW          467    .bss.rt_thread_switch_interrupt_flag  cpuport.o
    0x20000b70        -       0x00000004   Zero   RW          988    .bss.rt_tick        clock.o
    0x20000b74        -       0x00000004   Zero   RW          987    .bss.rt_tick_hook   clock.o
    0x20000b78        -       0x00000004   Zero   RW         1518    .bss.rt_timer_enter_hook  timer.o
    0x20000b7c        -       0x00000004   Zero   RW         1519    .bss.rt_timer_exit_hook  timer.o
    0x20000b80        -       0x00000004   Zero   RW         1521    .bss.rt_timer_start.random_nr  timer.o
    0x20000b84        -       0x00000004   Zero   RW          503    .bss.rt_trustzone_current_context  trustzone.o
    0x20000b88        -       0x00000004   Zero   RW          880    .bss.shell          shell.o
    0x20000b8c        -       0x00000004   Zero   RW         1293    .bss.system_heap    kservice.o
    0x20000b90        -       0x00000390   Zero   RW          792    .bss.uart_obj       drv_uart.o
    0x20000f20        -       0x00000800   Zero   RW           99    STACK               startup_acm32f4.o


==============================================================================

Image component sizes


      Code (inc. data)   RO Data    RW Data    ZI Data      Debug   Object Name

       124          8          0          0          0       4603   board.o
       168          0          0          0          8       2900   clock.o
      4402       1148       1451          0          0      23199   cmd.o
       612        140        127          0          0       3846   completion.o
       226          0         56          0          0       3489   components.o
       420         32          0          0          0        872   context_rvds.o
      1044        168        443          0         16       3607   cpuport.o
      1870         48        280          0          0       7585   dataqueue.o
        10          0          0          0          0        773   delay.o
       700         20        201          0          0       7037   device.o
       858         44       1052        512          4       8857   drv_gpio.o
      1856        184         78        248        912      15823   drv_uart.o
       100         16          0          0         32       2076   exti.o
       350          0          0          0        128       8955   hal_dma.o
         2          0          0          0          0       1562   hal_eflash.o
       296          0          0          0          0       4143   hal_exti.o
      1030          0          0          0          0       7590   hal_gpio.o
       398          0          0          0          0       6943   hal_rtc.o
       598          0          0          0          4      12449   hal_uart.o
       238          8          0          8        400       4979   idle.o
      1820         16        330          0          0      32271   ipc.o
       116          0          0          0          9       1465   irq.o
      3014        330        482          0        188      22266   kservice.o
        64         28          0          0          1        577   main.o
      1288        296        652          0          0       5628   mem.o
      1040        128        175          0          0       5353   msh.o
        60          0          0          0          0       1593   msh_parse.o
       916          0          0          0          0       4378   nfc_iic.o
       962        128        107        160         20       8026   object.o
      1122        192        613          0         48       9614   pin.o
       424        144        259          0         12       1379   power.o
      1250        108         70          0        275       7079   scheduler.o
      3602        324        407          0          1      15281   serial.o
      2108        292         56          0        145       9446   shell.o
      2374        208        301          1          2      15819   si523_app.o
        36          8        228          0       2048        872   startup_acm32f4.o
        56          0          0          0          0        560   syscall_rvds.o
        20          0          3          0          0       6246   syscalls.o
       948         28          0          0         12      11990   system_acm32f4.o
      1988        328        218          0         12       9310   thread.o
      1690         98        195          0        669      10563   timer.o
        72         24          0          0          4       2562   trustzone.o

    ----------------------------------------------------------------------
     40416       4496       7820        932       4980     313566   Object Totals
         0          0         32          0          0          0   (incl. Generated)
       144          0          4          3         30          0   (incl. Padding)

    ----------------------------------------------------------------------

      Code (inc. data)   RO Data    RW Data    ZI Data      Debug   Library Member Name

        86          0          0          0          0          0   __dczerorl2.o
        28          0          0          0          0         68   _chval.o
       158          0          0          0          0         92   _strtoul.o
        26          0          0          0          0         80   atoi.o
         8          4        133          0          0         68   ctype_o.o
         0          0          0          0          0          0   entry.o
         0          0          0          0          0          0   entry10a.o
         0          0          0          0          0          0   entry11a.o
         8          4          0          0          0          0   entry2.o
         4          0          0          0          0          0   entry5.o
         0          0          0          0          0          0   entry7b.o
         0          0          0          0          0          0   entry8b.o
         8          4          0          0          0          0   entry9a.o
         8          4          0          4          0         68   errno.o
        30          0          0          0          0          0   handlers.o
        36          8          0          0          0         68   init.o
        30          0          0          0          0         68   llshl.o
        32          0          0          0          0         68   llushr.o
        26          0          0          0          0         80   memcmp.o
        36          0          0          0          0        108   memseta.o
      1154         54          0          0          0        352   printf8.o
        36          6          0          0          0         80   puts.o
         0          0          0          4          0          0   stdout.o
        28          0          0          0          0         76   strcmp.o
        14          0          0          0          0         68   strlen.o
        40          0          0          0          0         76   strncat.o
        30          0          0          0          0         80   strncmp.o
        24          0          0          0          0         76   strncpy.o
       112          0          0          0          0         88   strtol.o
        12          0          0          0          0         68   toupper.o
        98          0          0          0          0         92   uldiv.o

    ----------------------------------------------------------------------
      2080         84        136          8          0       1824   Library Totals
         8          0          3          0          0          0   (incl. Padding)

    ----------------------------------------------------------------------

      Code (inc. data)   RO Data    RW Data    ZI Data      Debug   Library Name

      2072         84        133          8          0       1824   mc_w.l

    ----------------------------------------------------------------------
      2080         84        136          8          0       1824   Library Totals

    ----------------------------------------------------------------------

==============================================================================


      Code (inc. data)   RO Data    RW Data    ZI Data      Debug   

     42496       4580       7956        940       4980     313830   Grand Totals
     42496       4580       7956        240       4980     313830   ELF Image Totals (compressed)
     42496       4580       7956        240          0          0   ROM Totals

==============================================================================

    Total RO  Size (Code + RO Data)                50452 (  49.27kB)
    Total RW  Size (RW Data + ZI Data)              5920 (   5.78kB)
    Total ROM Size (Code + RO Data + RW Data)      50692 (  49.50kB)

==============================================================================

